Component: ARM Compiler 5.05 update 1 (build 106) Tool: armlink [4d0efa]

==============================================================================

Section Cross References

    main.o(i.main) refers to delay.o(i.delay_init) for delay_init
    main.o(i.main) refers to misc.o(i.NVIC_PriorityGroupConfig) for NVIC_PriorityGroupConfig
    main.o(i.main) refers to usart.o(i.uart_init) for uart_init
    main.o(i.main) refers to led.o(i.LED_Init) for LED_Init
    main.o(i.main) refers to 24l01.o(i.NRF24L01_Init) for NRF24L01_Init
    main.o(i.main) refers to noretval__2printf.o(.text) for __2printf
    main.o(i.main) refers to 24l01.o(i.NRF24L01_Check) for NRF24L01_Check
    main.o(i.main) refers to 24l01.o(i.NRF24L01_TX_Mode) for NRF24L01_TX_Mode
    main.o(i.main) refers to encoder.o(i.Encoder_Init_TIM3) for Encoder_Init_TIM3
    main.o(i.main) refers to encoder.o(i.Encoder_Init_TIM_Exit0) for Encoder_Init_TIM_Exit0
    main.o(i.main) refers to encoder.o(i.Encoder_Init_TIM_Exit1) for Encoder_Init_TIM_Exit1
    main.o(i.main) refers to motor.o(i.Motor_Gpio_init) for Motor_Gpio_init
    main.o(i.main) refers to motor.o(i.PWM2_Init) for PWM2_Init
    main.o(i.main) refers to servor.o(i.TIM2_PWM_Init) for TIM2_PWM_Init
    main.o(i.main) refers to adc.o(i.ADC1_GPIO_Config) for ADC1_GPIO_Config
    main.o(i.main) refers to adc.o(i.ADC1_Mode_Config) for ADC1_Mode_Config
    main.o(i.main) refers to timer.o(i.TIM1_Int_Init) for TIM1_Int_Init
    system_stm32f10x.o(i.SetSysClock) refers to system_stm32f10x.o(i.SetSysClockTo72) for SetSysClockTo72
    system_stm32f10x.o(i.SystemCoreClockUpdate) refers to system_stm32f10x.o(.data) for SystemCoreClock
    system_stm32f10x.o(i.SystemInit) refers to system_stm32f10x.o(i.SetSysClock) for SetSysClock
    led.o(i.LED_Init) refers to stm32f10x_rcc.o(i.RCC_APB2PeriphClockCmd) for RCC_APB2PeriphClockCmd
    led.o(i.LED_Init) refers to stm32f10x_gpio.o(i.GPIO_Init) for GPIO_Init
    led.o(i.LED_Init) refers to stm32f10x_gpio.o(i.GPIO_SetBits) for GPIO_SetBits
    motor.o(i.Incremental_PI_A) refers to fflt_clz.o(x$fpl$fflt) for __aeabi_i2f
    motor.o(i.Incremental_PI_A) refers to fmul.o(x$fpl$fmul) for __aeabi_fmul
    motor.o(i.Incremental_PI_A) refers to faddsub_clz.o(x$fpl$fadd) for __aeabi_fadd
    motor.o(i.Incremental_PI_A) refers to ffix.o(x$fpl$ffix) for __aeabi_f2iz
    motor.o(i.Incremental_PI_A) refers to motor.o(.data) for BiasA
    motor.o(i.Incremental_PI_B) refers to fflt_clz.o(x$fpl$fflt) for __aeabi_i2f
    motor.o(i.Incremental_PI_B) refers to fmul.o(x$fpl$fmul) for __aeabi_fmul
    motor.o(i.Incremental_PI_B) refers to faddsub_clz.o(x$fpl$fadd) for __aeabi_fadd
    motor.o(i.Incremental_PI_B) refers to ffix.o(x$fpl$ffix) for __aeabi_f2iz
    motor.o(i.Incremental_PI_B) refers to motor.o(.data) for BiasB
    motor.o(i.Motor_Gpio_init) refers to stm32f10x_rcc.o(i.RCC_APB2PeriphClockCmd) for RCC_APB2PeriphClockCmd
    motor.o(i.Motor_Gpio_init) refers to stm32f10x_gpio.o(i.GPIO_Init) for GPIO_Init
    motor.o(i.PWM2_Init) refers to stm32f10x_rcc.o(i.RCC_APB1PeriphClockCmd) for RCC_APB1PeriphClockCmd
    motor.o(i.PWM2_Init) refers to stm32f10x_tim.o(i.TIM_TimeBaseInit) for TIM_TimeBaseInit
    motor.o(i.PWM2_Init) refers to stm32f10x_tim.o(i.TIM_OC1Init) for TIM_OC1Init
    motor.o(i.PWM2_Init) refers to stm32f10x_tim.o(i.TIM_OC1PreloadConfig) for TIM_OC1PreloadConfig
    motor.o(i.PWM2_Init) refers to stm32f10x_tim.o(i.TIM_OC2Init) for TIM_OC2Init
    motor.o(i.PWM2_Init) refers to stm32f10x_tim.o(i.TIM_OC2PreloadConfig) for TIM_OC2PreloadConfig
    motor.o(i.PWM2_Init) refers to stm32f10x_tim.o(i.TIM_OC3Init) for TIM_OC3Init
    motor.o(i.PWM2_Init) refers to stm32f10x_tim.o(i.TIM_OC3PreloadConfig) for TIM_OC3PreloadConfig
    motor.o(i.PWM2_Init) refers to stm32f10x_tim.o(i.TIM_OC4Init) for TIM_OC4Init
    motor.o(i.PWM2_Init) refers to stm32f10x_tim.o(i.TIM_OC4PreloadConfig) for TIM_OC4PreloadConfig
    motor.o(i.PWM2_Init) refers to stm32f10x_tim.o(i.TIM_Cmd) for TIM_Cmd
    motor.o(i.PWM2_Init) refers to stm32f10x_tim.o(i.TIM_SetCompare1) for TIM_SetCompare1
    motor.o(i.PWM2_Init) refers to stm32f10x_tim.o(i.TIM_SetCompare2) for TIM_SetCompare2
    motor.o(i.PWM2_Init) refers to stm32f10x_tim.o(i.TIM_SetCompare3) for TIM_SetCompare3
    motor.o(i.PWM2_Init) refers to stm32f10x_tim.o(i.TIM_SetCompare4) for TIM_SetCompare4
    motor.o(i.Xianfu_Pwm) refers to timer.o(.data) for Motor_A
    encoder.o(i.EXTI0_IRQHandler) refers to encoder.o(.data) for Encoder_A_EXTI
    encoder.o(i.EXTI1_IRQHandler) refers to encoder.o(.data) for Encoder_A_EXTI
    encoder.o(i.Encoder_Init_TIM3) refers to stm32f10x_rcc.o(i.RCC_APB1PeriphClockCmd) for RCC_APB1PeriphClockCmd
    encoder.o(i.Encoder_Init_TIM3) refers to stm32f10x_rcc.o(i.RCC_APB2PeriphClockCmd) for RCC_APB2PeriphClockCmd
    encoder.o(i.Encoder_Init_TIM3) refers to stm32f10x_gpio.o(i.GPIO_Init) for GPIO_Init
    encoder.o(i.Encoder_Init_TIM3) refers to misc.o(i.NVIC_Init) for NVIC_Init
[...]
    Removing stm32f10x_usart.o(i.USART_ClockInit), (34 bytes).
    Removing stm32f10x_usart.o(i.USART_ClockStructInit), (12 bytes).
    Removing stm32f10x_usart.o(i.USART_DMACmd), (18 bytes).
    Removing stm32f10x_usart.o(i.USART_DeInit), (156 bytes).
    Removing stm32f10x_usart.o(i.USART_HalfDuplexCmd), (24 bytes).
    Removing stm32f10x_usart.o(i.USART_IrDACmd), (24 bytes).
    Removing stm32f10x_usart.o(i.USART_IrDAConfig), (18 bytes).
    Removing stm32f10x_usart.o(i.USART_LINBreakDetectLengthConfig), (18 bytes).
    Removing stm32f10x_usart.o(i.USART_LINCmd), (24 bytes).
    Removing stm32f10x_usart.o(i.USART_OneBitMethodCmd), (24 bytes).
    Removing stm32f10x_usart.o(i.USART_OverSampling8Cmd), (22 bytes).
    Removing stm32f10x_usart.o(i.USART_ReceiverWakeUpCmd), (24 bytes).
    Removing stm32f10x_usart.o(i.USART_SendBreak), (10 bytes).
    Removing stm32f10x_usart.o(i.USART_SendData), (8 bytes).
    Removing stm32f10x_usart.o(i.USART_SetAddress), (18 bytes).
    Removing stm32f10x_usart.o(i.USART_SetGuardTime), (16 bytes).
    Removing stm32f10x_usart.o(i.USART_SetPrescaler), (16 bytes).
    Removing stm32f10x_usart.o(i.USART_SmartCardCmd), (24 bytes).
    Removing stm32f10x_usart.o(i.USART_SmartCardNACKCmd), (24 bytes).
    Removing stm32f10x_usart.o(i.USART_StructInit), (24 bytes).
    Removing stm32f10x_usart.o(i.USART_WakeUpConfig), (18 bytes).
    Removing stm32f10x_wwdg.o(i.WWDG_ClearFlag), (12 bytes).
    Removing stm32f10x_wwdg.o(i.WWDG_DeInit), (22 bytes).
    Removing stm32f10x_wwdg.o(i.WWDG_Enable), (16 bytes).
    Removing stm32f10x_wwdg.o(i.WWDG_EnableIT), (12 bytes).
    Removing stm32f10x_wwdg.o(i.WWDG_GetFlagStatus), (12 bytes).
    Removing stm32f10x_wwdg.o(i.WWDG_SetCounter), (16 bytes).
    Removing stm32f10x_wwdg.o(i.WWDG_SetPrescaler), (24 bytes).
    Removing stm32f10x_wwdg.o(i.WWDG_SetWindowValue), (40 bytes).

423 unused section(s) (total 16167 bytes) removed from the image.

==============================================================================

Image Symbol Table

    Local Symbols

    Symbol Name                              Value     Ov Type        Size  Object(Section)

    ../clib/angel/boardlib.s                 0x00000000   Number         0  boardshut.o ABSOLUTE
    ../clib/angel/boardlib.s                 0x00000000   Number         0  boardinit2.o ABSOLUTE
    ../clib/angel/boardlib.s                 0x00000000   Number         0  boardinit3.o ABSOLUTE
    ../clib/angel/boardlib.s                 0x00000000   Number         0  boardinit1.o ABSOLUTE
    ../clib/angel/handlers.s                 0x00000000   Number         0  __scatter_zi.o ABSOLUTE
    ../clib/angel/handlers.s                 0x00000000   Number         0  __scatter_copy.o ABSOLUTE
    ../clib/angel/kernel.s                   0x00000000   Number         0  __rtentry4.o ABSOLUTE
    ../clib/angel/kernel.s                   0x00000000   Number         0  __rtentry2.o ABSOLUTE
    ../clib/angel/kernel.s                   0x00000000   Number         0  __rtentry.o ABSOLUTE
    ../clib/angel/kernel.s                   0x00000000   Number         0  rtexit.o ABSOLUTE
    ../clib/angel/kernel.s                   0x00000000   Number         0  rtexit2.o ABSOLUTE
    ../clib/angel/rt.s                       0x00000000   Number         0  rt_raise.o ABSOLUTE
    ../clib/angel/scatter.s                  0x00000000   Number         0  __scatter.o ABSOLUTE
    ../clib/angel/startup.s                  0x00000000   Number         0  __main.o ABSOLUTE
    ../clib/angel/sys.s                      0x00000000   Number         0  libspace.o ABSOLUTE
    ../clib/angel/sys.s                      0x00000000   Number         0  sys_stackheap_outer.o ABSOLUTE
    ../clib/angel/sys.s                      0x00000000   Number         0  use_no_semi.o ABSOLUTE
    ../clib/angel/sys.s                      0x00000000   Number         0  indicate_semi.o ABSOLUTE
    ../clib/angel/sys.s                      0x00000000   Number         0  use_no_semi_2.o ABSOLUTE
    ../clib/angel/sysapp.c                   0x00000000   Number         0  sys_command.o ABSOLUTE
    ../clib/angel/sysapp.c                   0x00000000   Number         0  sys_wrch.o ABSOLUTE
    ../clib/armsys.c                         0x00000000   Number         0  argv_veneer.o ABSOLUTE
    ../clib/armsys.c                         0x00000000   Number         0  _get_argv_nomalloc.o ABSOLUTE
    ../clib/armsys.c                         0x00000000   Number         0  no_argv.o ABSOLUTE
    ../clib/armsys.c                         0x00000000   Number         0  argv_veneer.o ABSOLUTE
    ../clib/heapalloc.c                      0x00000000   Number         0  hrguard.o ABSOLUTE
    ../clib/heapaux.c                        0x00000000   Number         0  heapauxi.o ABSOLUTE
    ../clib/libinit.s                        0x00000000   Number         0  libshutdown.o ABSOLUTE
    ../clib/libinit.s                        0x00000000   Number         0  libshutdown2.o ABSOLUTE
    ../clib/libinit.s                        0x00000000   Number         0  libinit.o ABSOLUTE
    ../clib/libinit.s                        0x00000000   Number         0  libinit2.o ABSOLUTE
    ../clib/printf.c                         0x00000000   Number         0  _printf_char_common.o ABSOLUTE
    ../clib/printf.c                         0x00000000   Number         0  __printf_nopercent.o ABSOLUTE
    ../clib/printf.c                         0x00000000   Number         0  _printf_char_file.o ABSOLUTE
    ../clib/printf.c                         0x00000000   Number         0  __2printf.o ABSOLUTE
    ../clib/printf.c                         0x00000000   Number         0  noretval__2printf.o ABSOLUTE
    ../clib/signal.c                         0x00000000   Number         0  defsig_segv_inner.o ABSOLUTE
    ../clib/signal.c                         0x00000000   Number         0  defsig_exit.o ABSOLUTE
    ../clib/signal.c                         0x00000000   Number         0  defsig_cppl_inner.o ABSOLUTE
    ../clib/signal.c                         0x00000000   Number         0  defsig_pvfn_inner.o ABSOLUTE
    ../clib/signal.c                         0x00000000   Number         0  defsig_stak_inner.o ABSOLUTE
    ../clib/signal.c                         0x00000000   Number         0  defsig_rtred_inner.o ABSOLUTE
    ../clib/signal.c                         0x00000000   Number         0  defsig_fpe_inner.o ABSOLUTE
    ../clib/signal.c                         0x00000000   Number         0  defsig_rtmem_outer.o ABSOLUTE
    ../clib/signal.c                         0x00000000   Number         0  defsig_abrt_inner.o ABSOLUTE
    ../clib/signal.c                         0x00000000   Number         0  defsig_rtmem_formal.o ABSOLUTE
    ../clib/signal.c                         0x00000000   Number         0  defsig_general.o ABSOLUTE
    ../clib/signal.c                         0x00000000   Number         0  __raise.o ABSOLUTE
    ../clib/signal.c                         0x00000000   Number         0  defsig_other.o ABSOLUTE
    ../clib/signal.c                         0x00000000   Number         0  defsig_rtmem_inner.o ABSOLUTE
    ../clib/signal.s                         0x00000000   Number         0  defsig.o ABSOLUTE
    ../clib/stdio.c                          0x00000000   Number         0  ferror_locked.o ABSOLUTE
    ../clib/stdio.c                          0x00000000   Number         0  ferror.o ABSOLUTE
    ../clib/stdlib.c                         0x00000000   Number         0  exit.o ABSOLUTE
    ../fplib/daddsub.s                       0x00000000   Number         0  daddsub_clz.o ABSOLUTE
    ../fplib/ddiv.s                          0x00000000   Number         0  ddiv.o ABSOLUTE
    ../fplib/dfix.s                          0x00000000   Number         0  dfix.o ABSOLUTE
    ../fplib/dflt.s                          0x00000000   Number         0  dflt_clz.o ABSOLUTE
    ../fplib/dnaninf.s                       0x00000000   Number         0  dnaninf.o ABSOLUTE
    ../fplib/dretinf.s                       0x00000000   Number         0  dretinf.o ABSOLUTE
    ../fplib/faddsub.s                       0x00000000   Number         0  faddsub_clz.o ABSOLUTE
    ../fplib/ffix.s                          0x00000000   Number         0  ffix.o ABSOLUTE
    ../fplib/fflt.s                          0x00000000   Number         0  fflt_clz.o ABSOLUTE
    ../fplib/fmul.s                          0x00000000   Number         0  fmul.o ABSOLUTE
    ../fplib/fnaninf.s                       0x00000000   Number         0  fnaninf.o ABSOLUTE
    ../fplib/fpinit.s                        0x00000000   Number         0  fpinit.o ABSOLUTE
    ../fplib/fretinf.s                       0x00000000   Number         0  fretinf.o ABSOLUTE
    ../fplib/usenofp.s                       0x00000000   Number         0  usenofp.o ABSOLUTE
    ..\CORE\core_cm3.c                       0x00000000   Number         0  core_cm3.o ABSOLUTE
    ..\CORE\startup_stm32f10x_hd.s           0x00000000   Number         0  startup_stm32f10x_hd.o ABSOLUTE
    ..\HARDWARE\ADC\ADC.c                    0x00000000   Number         0  adc.o ABSOLUTE
    ..\HARDWARE\LED\LED.c                    0x00000000   Number         0  led.o ABSOLUTE
    ..\HARDWARE\Motor\Motor.c                0x00000000   Number         0  motor.o ABSOLUTE
    ..\HARDWARE\NRF24L01\24l01.c             0x00000000   Number         0  24l01.o ABSOLUTE
    ..\HARDWARE\SPI\spi.c                    0x00000000   Number         0  spi.o ABSOLUTE
    ..\HARDWARE\Servo\servor.c               0x00000000   Number         0  servor.o ABSOLUTE
    ..\HARDWARE\encoder\encoder.c            0x00000000   Number         0  encoder.o ABSOLUTE
    ..\HARDWARE\timer\timer.c                0x00000000   Number         0  timer.o ABSOLUTE
    ..\STM32F10x_FWLib\src\misc.c            0x00000000   Number         0  misc.o ABSOLUTE
    ..\STM32F10x_FWLib\src\stm32f10x_adc.c   0x00000000   Number         0  stm32f10x_adc.o ABSOLUTE
    ..\STM32F10x_FWLib\src\stm32f10x_bkp.c   0x00000000   Number         0  stm32f10x_bkp.o ABSOLUTE
    ..\STM32F10x_FWLib\src\stm32f10x_can.c   0x00000000   Number         0  stm32f10x_can.o ABSOLUTE
    ..\STM32F10x_FWLib\src\stm32f10x_cec.c   0x00000000   Number         0  stm32f10x_cec.o ABSOLUTE
    ..\STM32F10x_FWLib\src\stm32f10x_crc.c   0x00000000   Number         0  stm32f10x_crc.o ABSOLUTE
    ..\STM32F10x_FWLib\src\stm32f10x_dac.c   0x00000000   Number         0  stm32f10x_dac.o ABSOLUTE
    ..\STM32F10x_FWLib\src\stm32f10x_dbgmcu.c 0x00000000   Number         0  stm32f10x_dbgmcu.o ABSOLUTE
    ..\STM32F10x_FWLib\src\stm32f10x_dma.c   0x00000000   Number         0  stm32f10x_dma.o ABSOLUTE
    ..\STM32F10x_FWLib\src\stm32f10x_exti.c  0x00000000   Number         0  stm32f10x_exti.o ABSOLUTE
    ..\STM32F10x_FWLib\src\stm32f10x_flash.c 0x00000000   Number         0  stm32f10x_flash.o ABSOLUTE
    ..\STM32F10x_FWLib\src\stm32f10x_fsmc.c  0x00000000   Number         0  stm32f10x_fsmc.o ABSOLUTE
    ..\STM32F10x_FWLib\src\stm32f10x_gpio.c  0x00000000   Number         0  stm32f10x_gpio.o ABSOLUTE
    ..\STM32F10x_FWLib\src\stm32f10x_i2c.c   0x00000000   Number         0  stm32f10x_i2c.o ABSOLUTE
    ..\STM32F10x_FWLib\src\stm32f10x_iwdg.c  0x00000000   Number         0  stm32f10x_iwdg.o ABSOLUTE
    ..\STM32F10x_FWLib\src\stm32f10x_pwr.c   0x00000000   Number         0  stm32f10x_pwr.o ABSOLUTE
    ..\STM32F10x_FWLib\src\stm32f10x_rcc.c   0x00000000   Number         0  stm32f10x_rcc.o ABSOLUTE
    ..\STM32F10x_FWLib\src\stm32f10x_rtc.c   0x00000000   Number         0  stm32f10x_rtc.o ABSOLUTE
    ..\STM32F10x_FWLib\src\stm32f10x_sdio.c  0x00000000   Number         0  stm32f10x_sdio.o ABSOLUTE
    ..\STM32F10x_FWLib\src\stm32f10x_spi.c   0x00000000   Number         0  stm32f10x_spi.o ABSOLUTE
    ..\STM32F10x_FWLib\src\stm32f10x_tim.c   0x00000000   Number         0  stm32f10x_tim.o ABSOLUTE
    ..\STM32F10x_FWLib\src\stm32f10x_usart.c 0x00000000   Number         0  stm32f10x_usart.o ABSOLUTE
    ..\STM32F10x_FWLib\src\stm32f10x_wwdg.c  0x00000000   Number         0  stm32f10x_wwdg.o ABSOLUTE
    ..\SYSTEM\delay\delay.c                  0x00000000   Number         0  delay.o ABSOLUTE
    ..\SYSTEM\sys\sys.c                      0x00000000   Number         0  sys.o ABSOLUTE
    ..\SYSTEM\usart\usart.c                  0x00000000   Number         0  usart.o ABSOLUTE
    ..\\CORE\\core_cm3.c                     0x00000000   Number         0  core_cm3.o ABSOLUTE
    ..\\SYSTEM\\sys\\sys.c                   0x00000000   Number         0  sys.o ABSOLUTE
    dc.s                                     0x00000000   Number         0  dc.o ABSOLUTE
    main.c                                   0x00000000   Number         0  main.o ABSOLUTE
    stm32f10x_it.c                           0x00000000   Number         0  stm32f10x_it.o ABSOLUTE
    system_stm32f10x.c                       0x00000000   Number         0  system_stm32f10x.o ABSOLUTE
    RESET                                    0x08000000   Section      304  startup_stm32f10x_hd.o(RESET)
    !!!main                                  0x08000130   Section        8  __main.o(!!!main)
    !!!scatter                               0x08000138   Section       52  __scatter.o(!!!scatter)
    !!handler_copy                           0x0800016c   Section       26  __scatter_copy.o(!!handler_copy)
    !!handler_zi                             0x08000188   Section       28  __scatter_zi.o(!!handler_zi)
    .ARM.Collect$$libinit$$00000000          0x080001a4   Section        2  libinit.o(.ARM.Collect$$libinit$$00000000)
    .ARM.Collect$$libinit$$00000002          0x080001a6   Section        0  libinit2.o(.ARM.Collect$$libinit$$00000002)
    .ARM.Collect$$libinit$$00000004          0x080001a6   Section        0  libinit2.o(.ARM.Collect$$libinit$$00000004)
    .ARM.Collect$$libinit$$0000000A          0x080001a6   Section        0  libinit2.o(.ARM.Collect$$libinit$$0000000A)
    .ARM.Collect$$libinit$$0000000C          0x080001a6   Section        0  libinit2.o(.ARM.Collect$$libinit$$0000000C)
    .ARM.Collect$$libinit$$0000000E          0x080001a6   Section        0  libinit2.o(.ARM.Collect$$libinit$$0000000E)
    .ARM.Collect$$libinit$$00000011          0x080001a6   Section        0  libinit2.o(.ARM.Collect$$libinit$$00000011)
    .ARM.Collect$$libinit$$00000013          0x080001a6   Section        0  libinit2.o(.ARM.Collect$$libinit$$00000013)
    .ARM.Collect$$libinit$$00000015          0x080001a6   Section        0  libinit2.o(.ARM.Collect$$libinit$$00000015)
    .ARM.Collect$$libinit$$00000017          0x080001a6   Section        0  libinit2.o(.ARM.Collect$$libinit$$00000017)
    .ARM.Collect$$libinit$$00000019          0x080001a6   Section        0  libinit2.o(.ARM.Collect$$libinit$$00000019)
    .ARM.Collect$$libinit$$0000001B          0x080001a6   Section        0  libinit2.o(.ARM.Collect$$libinit$$0000001B)
    .ARM.Collect$$libinit$$0000001D          0x080001a6   Section        0  libinit2.o(.ARM.Collect$$libinit$$0000001D)
    .ARM.Collect$$libinit$$0000001F          0x080001a6   Section        0  libinit2.o(.ARM.Collect$$libinit$$0000001F)
    .ARM.Collect$$libinit$$00000021          0x080001a6   Section        0  libinit2.o(.ARM.Collect$$libinit$$00000021)
    .ARM.Collect$$libinit$$00000023          0x080001a6   Section        0  libinit2.o(.ARM.Collect$$libinit$$00000023)
    .ARM.Collect$$libinit$$00000025          0x080001a6   Section        0  libinit2.o(.ARM.Collect$$libinit$$00000025)
    .ARM.Collect$$libinit$$0000002C          0x080001a6   Section        0  libinit2.o(.ARM.Collect$$libinit$$0000002C)
    .ARM.Collect$$libinit$$0000002E          0x080001a6   Section        0  libinit2.o(.ARM.Collect$$libinit$$0000002E)
    .ARM.Collect$$libinit$$00000030          0x080001a6   Section        0  libinit2.o(.ARM.Collect$$libinit$$00000030)
    .ARM.Collect$$libinit$$00000032          0x080001a6   Section        0  libinit2.o(.ARM.Collect$$libinit$$00000032)
    .ARM.Collect$$libinit$$00000033          0x080001a6   Section        2  libinit2.o(.ARM.Collect$$libinit$$00000033)
    .ARM.Collect$$libshutdown$$00000000      0x080001a8   Section        2  libshutdown.o(.ARM.Collect$$libshutdown$$00000000)
    .ARM.Collect$$libshutdown$$00000003      0x080001aa   Section        0  libshutdown2.o(.ARM.Collect$$libshutdown$$00000003)
    .ARM.Collect$$libshutdown$$00000006      0x080001aa   Section        0  libshutdown2.o(.ARM.Collect$$libshutdown$$00000006)
    .ARM.Collect$$libshutdown$$00000009      0x080001aa   Section        0  libshutdown2.o(.ARM.Collect$$libshutdown$$00000009)
    .ARM.Collect$$libshutdown$$0000000B      0x080001aa   Section        0  libshutdown2.o(.ARM.Collect$$libshutdown$$0000000B)
    .ARM.Collect$$libshutdown$$0000000E      0x080001aa   Section        0  libshutdown2.o(.ARM.Collect$$libshutdown$$0000000E)
    .ARM.Collect$$libshutdown$$0000000F      0x080001aa   Section        2  libshutdown2.o(.ARM.Collect$$libshutdown$$0000000F)
    .ARM.Collect$$rtentry$$00000000          0x080001ac   Section        0  __rtentry.o(.ARM.Collect$$rtentry$$00000000)
    .ARM.Collect$$rtentry$$00000002          0x080001ac   Section        0  __rtentry2.o(.ARM.Collect$$rtentry$$00000002)
    .ARM.Collect$$rtentry$$00000004          0x080001ac   Section        6  __rtentry4.o(.ARM.Collect$$rtentry$$00000004)
    .ARM.Collect$$rtentry$$00000009          0x080001b2   Section        0  __rtentry2.o(.ARM.Collect$$rtentry$$00000009)
    .ARM.Collect$$rtentry$$0000000A          0x080001b2   Section        4  __rtentry2.o(.ARM.Collect$$rtentry$$0000000A)
    .ARM.Collect$$rtentry$$0000000C          0x080001b6   Section        0  __rtentry2.o(.ARM.Collect$$rtentry$$0000000C)
    .ARM.Collect$$rtentry$$0000000D          0x080001b6   Section        8  __rtentry2.o(.ARM.Collect$$rtentry$$0000000D)
    .ARM.Collect$$rtexit$$00000000           0x080001be   Section        2  rtexit.o(.ARM.Collect$$rtexit$$00000000)
    .ARM.Collect$$rtexit$$00000002           0x080001c0   Section        0  rtexit2.o(.ARM.Collect$$rtexit$$00000002)
    .ARM.Collect$$rtexit$$00000003           0x080001c0   Section        4  rtexit2.o(.ARM.Collect$$rtexit$$00000003)
    .ARM.Collect$$rtexit$$00000004           0x080001c4   Section        6  rtexit2.o(.ARM.Collect$$rtexit$$00000004)
    .text                                    0x080001cc   Section       64  startup_stm32f10x_hd.o(.text)
    .text                                    0x0800020c   Section        2  use_no_semi_2.o(.text)
    .text                                    0x08000210   Section        0  noretval__2printf.o(.text)
    .text                                    0x08000228   Section        0  heapauxi.o(.text)
    .text                                    0x0800022e   Section        2  use_no_semi.o(.text)
    .text                                    0x08000230   Section        0  _printf_char_file.o(.text)
    .text                                    0x08000254   Section        0  _printf_char_common.o(.text)
    _printf_input_char                       0x08000255   Thumb Code    10  _printf_char_common.o(.text)
    .text                                    0x08000284   Section        0  ferror.o(.text)
    .text                                    0x0800028c   Section       74  sys_stackheap_outer.o(.text)
    .text                                    0x080002d6   Section        0  __printf_nopercent.o(.text)
    .text                                    0x080002fe   Section        0  exit.o(.text)
    .text                                    0x0800030c   Section        8  libspace.o(.text)
    i.ADC1_GPIO_Config                       0x08000314   Section        0  adc.o(i.ADC1_GPIO_Config)
    i.ADC1_Mode_Config                       0x080003ac   Section        0  adc.o(i.ADC1_Mode_Config)
    i.ADC_Cmd                                0x080004b4   Section        0  stm32f10x_adc.o(i.ADC_Cmd)
    i.ADC_DMACmd                             0x080004ca   Section        0  stm32f10x_adc.o(i.ADC_DMACmd)
    i.ADC_GetCalibrationStatus               0x080004e0   Section        0  stm32f10x_adc.o(i.ADC_GetCalibrationStatus)
    i.ADC_GetResetCalibrationStatus          0x080004f4   Section        0  stm32f10x_adc.o(i.ADC_GetResetCalibrationStatus)
    i.ADC_Init                               0x08000508   Section        0  stm32f10x_adc.o(i.ADC_Init)
    i.ADC_RegularChannelConfig               0x08000558   Section        0  stm32f10x_adc.o(i.ADC_RegularChannelConfig)
    i.ADC_ResetCalibration                   0x08000610   Section        0  stm32f10x_adc.o(i.ADC_ResetCalibration)
    i.ADC_SoftwareStartConvCmd               0x0800061a   Section        0  stm32f10x_adc.o(i.ADC_SoftwareStartConvCmd)
    i.ADC_StartCalibration                   0x08000630   Section        0  stm32f10x_adc.o(i.ADC_StartCalibration)
    i.BusFault_Handler                       0x0800063a   Section        0  stm32f10x_it.o(i.BusFault_Handler)
    i.DMA_Cmd                                0x0800063e   Section        0  stm32f10x_dma.o(i.DMA_Cmd)
    i.DMA_DeInit                             0x08000658   Section        0  stm32f10x_dma.o(i.DMA_DeInit)
    i.DMA_Init                               0x080007a4   Section        0  stm32f10x_dma.o(i.DMA_Init)
    i.DebugMon_Handler                       0x080007e0   Section        0  stm32f10x_it.o(i.DebugMon_Handler)
    i.EXTI0_IRQHandler                       0x080007e4   Section        0  encoder.o(i.EXTI0_IRQHandler)
    i.EXTI1_IRQHandler                       0x0800083c   Section        0  encoder.o(i.EXTI1_IRQHandler)
    i.EXTI_Init                              0x08000898   Section        0  stm32f10x_exti.o(i.EXTI_Init)
    i.Encoder_Init_TIM3                      0x0800092c   Section        0  encoder.o(i.Encoder_Init_TIM3)
    i.Encoder_Init_TIM_Exit0                 0x080009e8   Section        0  encoder.o(i.Encoder_Init_TIM_Exit0)
    i.Encoder_Init_TIM_Exit1                 0x08000a58   Section        0  encoder.o(i.Encoder_Init_TIM_Exit1)
    i.GPIO_EXTILineConfig                    0x08000ac4   Section        0  stm32f10x_gpio.o(i.GPIO_EXTILineConfig)
    i.GPIO_Init                              0x08000b04   Section        0  stm32f10x_gpio.o(i.GPIO_Init)
    i.GPIO_PinRemapConfig                    0x08000c1c   Section        0  stm32f10x_gpio.o(i.GPIO_PinRemapConfig)
    i.GPIO_ResetBits                         0x08000cac   Section        0  stm32f10x_gpio.o(i.GPIO_ResetBits)
    i.GPIO_SetBits                           0x08000cb0   Section        0  stm32f10x_gpio.o(i.GPIO_SetBits)
    i.GetVolt                                0x08000cb4   Section        0  adc.o(i.GetVolt)
    i.HardFault_Handler                      0x08000cca   Section        0  stm32f10x_it.o(i.HardFault_Handler)
    i.LED_Init                               0x08000cd0   Section        0  led.o(i.LED_Init)
    i.MemManage_Handler                      0x08000d04   Section        0  stm32f10x_it.o(i.MemManage_Handler)
    i.Motor_Gpio_init                        0x08000d08   Section        0  motor.o(i.Motor_Gpio_init)
    i.NMI_Handler                            0x08000d34   Section        0  stm32f10x_it.o(i.NMI_Handler)
    i.NRF24L01_Check                         0x08000d38   Section        0  24l01.o(i.NRF24L01_Check)
    i.NRF24L01_Init                          0x08000d88   Section        0  24l01.o(i.NRF24L01_Init)
    i.NRF24L01_Read_Buf                      0x08000e64   Section        0  24l01.o(i.NRF24L01_Read_Buf)
    i.NRF24L01_Read_Reg                      0x08000ea0   Section        0  24l01.o(i.NRF24L01_Read_Reg)
    i.NRF24L01_TX_Mode                       0x08000ecc   Section        0  24l01.o(i.NRF24L01_TX_Mode)
    i.NRF24L01_TxPacket                      0x08000f34   Section        0  24l01.o(i.NRF24L01_TxPacket)
    i.NRF24L01_Write_Buf                     0x08000f9c   Section        0  24l01.o(i.NRF24L01_Write_Buf)
    i.NRF24L01_Write_Reg                     0x08000fd8   Section        0  24l01.o(i.NRF24L01_Write_Reg)
    i.NVIC_Init                              0x08001008   Section        0  misc.o(i.NVIC_Init)
    i.NVIC_PriorityGroupConfig               0x08001078   Section        0  misc.o(i.NVIC_PriorityGroupConfig)
    i.PWM2_Init                              0x0800108c   Section        0  motor.o(i.PWM2_Init)
    i.PendSV_Handler                         0x08001138   Section        0  stm32f10x_it.o(i.PendSV_Handler)
    i.RCC_ADCCLKConfig                       0x0800113c   Section        0  stm32f10x_rcc.o(i.RCC_ADCCLKConfig)
    i.RCC_AHBPeriphClockCmd                  0x08001154   Section        0  stm32f10x_rcc.o(i.RCC_AHBPeriphClockCmd)
    i.RCC_APB1PeriphClockCmd                 0x08001174   Section        0  stm32f10x_rcc.o(i.RCC_APB1PeriphClockCmd)
    i.RCC_APB2PeriphClockCmd                 0x08001194   Section        0  stm32f10x_rcc.o(i.RCC_APB2PeriphClockCmd)
    i.RCC_GetClocksFreq                      0x080011b4   Section        0  stm32f10x_rcc.o(i.RCC_GetClocksFreq)
    i.SPI2_Init                              0x08001288   Section        0  spi.o(i.SPI2_Init)
    i.SPI2_ReadWriteByte                     0x0800131c   Section        0  spi.o(i.SPI2_ReadWriteByte)
    i.SPI2_SetSpeed                          0x08001370   Section        0  spi.o(i.SPI2_SetSpeed)
    i.SPI_Cmd                                0x08001398   Section        0  stm32f10x_spi.o(i.SPI_Cmd)
    i.SPI_I2S_GetFlagStatus                  0x080013b0   Section        0  stm32f10x_spi.o(i.SPI_I2S_GetFlagStatus)
    i.SPI_I2S_ReceiveData                    0x080013c2   Section        0  stm32f10x_spi.o(i.SPI_I2S_ReceiveData)
    i.SPI_I2S_SendData                       0x080013c8   Section        0  stm32f10x_spi.o(i.SPI_I2S_SendData)
    i.SPI_Init                               0x080013cc   Section        0  stm32f10x_spi.o(i.SPI_Init)
    i.SVC_Handler                            0x08001408   Section        0  stm32f10x_it.o(i.SVC_Handler)
    i.SetSysClock                            0x0800140a   Section        0  system_stm32f10x.o(i.SetSysClock)
    SetSysClock                              0x0800140b   Thumb Code     8  system_stm32f10x.o(i.SetSysClock)
    i.SetSysClockTo72                        0x08001414   Section        0  system_stm32f10x.o(i.SetSysClockTo72)
    SetSysClockTo72                          0x08001415   Thumb Code   214  system_stm32f10x.o(i.SetSysClockTo72)
    i.SysTick_CLKSourceConfig                0x080014f4   Section        0  misc.o(i.SysTick_CLKSourceConfig)
    i.SysTick_Handler                        0x0800151c   Section        0  stm32f10x_it.o(i.SysTick_Handler)
    i.SystemInit                             0x08001520   Section        0  system_stm32f10x.o(i.SystemInit)
    i.TI1_Config                             0x08001580   Section        0  stm32f10x_tim.o(i.TI1_Config)
    TI1_Config                               0x08001581   Thumb Code   108  stm32f10x_tim.o(i.TI1_Config)
    i.TI2_Config                             0x08001600   Section        0  stm32f10x_tim.o(i.TI2_Config)
    TI2_Config                               0x08001601   Thumb Code   130  stm32f10x_tim.o(i.TI2_Config)
    i.TI3_Config                             0x08001698   Section        0  stm32f10x_tim.o(i.TI3_Config)
    TI3_Config                               0x08001699   Thumb Code   122  stm32f10x_tim.o(i.TI3_Config)
    i.TI4_Config                             0x08001728   Section        0  stm32f10x_tim.o(i.TI4_Config)
    TI4_Config                               0x08001729   Thumb Code   130  stm32f10x_tim.o(i.TI4_Config)
    i.TIM1_Int_Init                          0x080017c0   Section        0  timer.o(i.TIM1_Int_Init)
    i.TIM1_UP_IRQHandler                     0x08001824   Section        0  timer.o(i.TIM1_UP_IRQHandler)
    i.TIM2_PWM_Init                          0x080018a4   Section        0  servor.o(i.TIM2_PWM_Init)
    i.TIM3_IRQHandler                        0x08001934   Section        0  encoder.o(i.TIM3_IRQHandler)
    i.TIM_ClearFlag                          0x08001958   Section        0  stm32f10x_tim.o(i.TIM_ClearFlag)
    i.TIM_ClearITPendingBit                  0x0800195e   Section        0  stm32f10x_tim.o(i.TIM_ClearITPendingBit)
    i.TIM_Cmd                                0x08001964   Section        0  stm32f10x_tim.o(i.TIM_Cmd)
    i.TIM_EncoderInterfaceConfig             0x0800197c   Section        0  stm32f10x_tim.o(i.TIM_EncoderInterfaceConfig)
    i.TIM_GetITStatus                        0x080019be   Section        0  stm32f10x_tim.o(i.TIM_GetITStatus)
    i.TIM_ICInit                             0x080019e0   Section        0  stm32f10x_tim.o(i.TIM_ICInit)
    i.TIM_ICStructInit                       0x08001a8c   Section        0  stm32f10x_tim.o(i.TIM_ICStructInit)
    i.TIM_ITConfig                           0x08001a9e   Section        0  stm32f10x_tim.o(i.TIM_ITConfig)
    i.TIM_OC1Init                            0x08001ab0   Section        0  stm32f10x_tim.o(i.TIM_OC1Init)
    i.TIM_OC1PreloadConfig                   0x08001b48   Section        0  stm32f10x_tim.o(i.TIM_OC1PreloadConfig)
    i.TIM_OC2Init                            0x08001b5c   Section        0  stm32f10x_tim.o(i.TIM_OC2Init)
    i.TIM_OC2PreloadConfig                   0x08001c00   Section        0  stm32f10x_tim.o(i.TIM_OC2PreloadConfig)
    i.TIM_OC3Init                            0x08001c1c   Section        0  stm32f10x_tim.o(i.TIM_OC3Init)
    i.TIM_OC3PreloadConfig                   0x08001cbc   Section        0  stm32f10x_tim.o(i.TIM_OC3PreloadConfig)
    i.TIM_OC4Init                            0x08001cd0   Section        0  stm32f10x_tim.o(i.TIM_OC4Init)
    i.TIM_OC4PreloadConfig                   0x08001d4c   Section        0  stm32f10x_tim.o(i.TIM_OC4PreloadConfig)
    i.TIM_SetCompare1                        0x08001d66   Section        0  stm32f10x_tim.o(i.TIM_SetCompare1)
    i.TIM_SetCompare2                        0x08001d6a   Section        0  stm32f10x_tim.o(i.TIM_SetCompare2)
    i.TIM_SetCompare3                        0x08001d6e   Section        0  stm32f10x_tim.o(i.TIM_SetCompare3)
    i.TIM_SetCompare4                        0x08001d72   Section        0  stm32f10x_tim.o(i.TIM_SetCompare4)
    i.TIM_SetCounter                         0x08001d78   Section        0  stm32f10x_tim.o(i.TIM_SetCounter)
    i.TIM_SetIC1Prescaler                    0x08001d7c   Section        0  stm32f10x_tim.o(i.TIM_SetIC1Prescaler)
    i.TIM_SetIC2Prescaler                    0x08001d8e   Section        0  stm32f10x_tim.o(i.TIM_SetIC2Prescaler)
    i.TIM_SetIC3Prescaler                    0x08001da8   Section        0  stm32f10x_tim.o(i.TIM_SetIC3Prescaler)
    i.TIM_SetIC4Prescaler                    0x08001dba   Section        0  stm32f10x_tim.o(i.TIM_SetIC4Prescaler)
    i.TIM_TimeBaseInit                       0x08001dd4   Section        0  stm32f10x_tim.o(i.TIM_TimeBaseInit)
    i.TIM_TimeBaseStructInit                 0x08001e78   Section        0  stm32f10x_tim.o(i.TIM_TimeBaseStructInit)
    i.USART1_IRQHandler                      0x08001e8c   Section        0  usart.o(i.USART1_IRQHandler)
    i.USART_Cmd                              0x08001f14   Section        0  stm32f10x_usart.o(i.USART_Cmd)
    i.USART_GetFlagStatus                    0x08001f2c   Section        0  stm32f10x_usart.o(i.USART_GetFlagStatus)
    i.USART_GetITStatus                      0x08001f46   Section        0  stm32f10x_usart.o(i.USART_GetITStatus)
    i.USART_ITConfig                         0x08001f9a   Section        0  stm32f10x_usart.o(i.USART_ITConfig)
    i.USART_Init                             0x08001fe4   Section        0  stm32f10x_usart.o(i.USART_Init)
    i.USART_ReceiveData                      0x080020bc   Section        0  stm32f10x_usart.o(i.USART_ReceiveData)
    i.UsageFault_Handler                     0x080020c6   Section        0  stm32f10x_it.o(i.UsageFault_Handler)
    i._sys_exit                              0x080020ca   Section        0  usart.o(i._sys_exit)
    i.date_change                            0x080020d0   Section        0  adc.o(i.date_change)
    i.delay_init                             0x08002184   Section        0  delay.o(i.delay_init)
    i.delay_ms                               0x080021c8   Section        0  delay.o(i.delay_ms)
    i.distance                               0x08002214   Section        0  adc.o(i.distance)
    i.filter                                 0x080023b8   Section        0  adc.o(i.filter)
    i.fputc                                  0x080023f8   Section        0  usart.o(i.fputc)
    i.main                                   0x08002414   Section        0  main.o(i.main)
    i.uart_init                              0x080024a4   Section        0  usart.o(i.uart_init)
    x$fpl$dadd                               0x08002544   Section      336  daddsub_clz.o(x$fpl$dadd)
    _dadd1                                   0x08002555   Thumb Code     0  daddsub_clz.o(x$fpl$dadd)
    x$fpl$ddiv                               0x08002694   Section      688  ddiv.o(x$fpl$ddiv)
    ddiv_entry                               0x0800269b   Thumb Code     0  ddiv.o(x$fpl$ddiv)
    x$fpl$dfix                               0x08002944   Section       94  dfix.o(x$fpl$dfix)
    x$fpl$dfltu                              0x080029a2   Section       38  dflt_clz.o(x$fpl$dfltu)
    x$fpl$dnaninf                            0x080029c8   Section      156  dnaninf.o(x$fpl$dnaninf)
    x$fpl$dretinf                            0x08002a64   Section       12  dretinf.o(x$fpl$dretinf)
    x$fpl$dsub                               0x08002a70   Section      468  daddsub_clz.o(x$fpl$dsub)
    _dsub1                                   0x08002a81   Thumb Code     0  daddsub_clz.o(x$fpl$dsub)
    .constdata                               0x08002c44   Section       10  24l01.o(.constdata)
    x$fpl$usenofp                            0x08002c44   Section        0  usenofp.o(x$fpl$usenofp)
    .data                                    0x20000000   Section       20  system_stm32f10x.o(.data)
    .data                                    0x20000014   Section        8  encoder.o(.data)
    .data                                    0x2000001c   Section       44  timer.o(.data)
    .data                                    0x20000048   Section        8  adc.o(.data)
    .data                                    0x20000050   Section        4  delay.o(.data)
    fac_us                                   0x20000050   Data           1  delay.o(.data)
    fac_ms                                   0x20000052   Data           2  delay.o(.data)
    .data                                    0x20000054   Section        6  usart.o(.data)
    .data                                    0x2000005a   Section       20  stm32f10x_rcc.o(.data)
    APBAHBPrescTable                         0x2000005a   Data          16  stm32f10x_rcc.o(.data)
    ADCPrescTable                            0x2000006a   Data           4  stm32f10x_rcc.o(.data)
    .bss                                     0x20000070   Section       80  timer.o(.bss)
    .bss                                     0x200000c0   Section      400  adc.o(.bss)
    .bss                                     0x20000250   Section      200  usart.o(.bss)
    .bss                                     0x20000318   Section       96  libspace.o(.bss)
    HEAP                                     0x20000378   Section      512  startup_stm32f10x_hd.o(HEAP)
    Heap_Mem                                 0x20000378   Data         512  startup_stm32f10x_hd.o(HEAP)
    STACK                                    0x20000578   Section     1024  startup_stm32f10x_hd.o(STACK)
    Stack_Mem                                0x20000578   Data        1024  startup_stm32f10x_hd.o(STACK)
    __initial_sp                             0x20000978   Data           0  startup_stm32f10x_hd.o(STACK)

    Global Symbols

    Symbol Name                              Value     Ov Type        Size  Object(Section)

    BuildAttributes$$THM_ISAv4$P$D$K$B$S$PE$A:L22UL41UL21$X:L11$S22US41US21$IEEE1$IW$USESV6$~STKCKD$USESV7$~SHL$OSPACE$ROPI$EBA8$UX$STANDARDLIB$REQ8$PRES8$EABIv2 0x00000000   Number         0  anon$$obj.o ABSOLUTE
    __ARM_use_no_argv                        0x00000000   Number         0  main.o ABSOLUTE
    __ARM_exceptions_init                     - Undefined Weak Reference
    __alloca_initialize                       - Undefined Weak Reference
    __arm_preinit_                            - Undefined Weak Reference
    __cpp_initialize__aeabi_                  - Undefined Weak Reference
    __cxa_finalize                            - Undefined Weak Reference
    __rt_locale                               - Undefined Weak Reference
    __sigvec_lookup                           - Undefined Weak Reference
    _atexit_init                              - Undefined Weak Reference
    _call_atexit_fns                          - Undefined Weak Reference
    _clock_init                               - Undefined Weak Reference
    _fp_trap_init                             - Undefined Weak Reference
    _fp_trap_shutdown                         - Undefined Weak Reference
    _get_lc_collate                           - Undefined Weak Reference
    _get_lc_ctype                             - Undefined Weak Reference
    _get_lc_monetary                          - Undefined Weak Reference
    _get_lc_numeric                           - Undefined Weak Reference
    _get_lc_time                              - Undefined Weak Reference
    _getenv_init                              - Undefined Weak Reference
    _handle_redirection                       - Undefined Weak Reference
    _init_alloc                               - Undefined Weak Reference
    _init_user_alloc                          - Undefined Weak Reference
    _initio                                   - Undefined Weak Reference
    _mutex_acquire                            - Undefined Weak Reference
    _mutex_release                            - Undefined Weak Reference
    _rand_init                                - Undefined Weak Reference
    _signal_finish                            - Undefined Weak Reference
    _signal_init                              - Undefined Weak Reference
    _terminate_alloc                          - Undefined Weak Reference
    _terminate_user_alloc                     - Undefined Weak Reference
    _terminateio                              - Undefined Weak Reference
    __Vectors_Size                           0x00000130   Number         0  startup_stm32f10x_hd.o ABSOLUTE
    __Vectors                                0x08000000   Data           4  startup_stm32f10x_hd.o(RESET)
    __Vectors_End                            0x08000130   Data           0  startup_stm32f10x_hd.o(RESET)
    __main                                   0x08000131   Thumb Code     8  __main.o(!!!main)
    __scatterload                            0x08000139   Thumb Code     0  __scatter.o(!!!scatter)
    __scatterload_rt2                        0x08000139   Thumb Code    44  __scatter.o(!!!scatter)
    __scatterload_rt2_thumb_only             0x08000139   Thumb Code     0  __scatter.o(!!!scatter)
    __scatterload_null                       0x08000147   Thumb Code     0  __scatter.o(!!!scatter)
    __scatterload_copy                       0x0800016d   Thumb Code    26  __scatter_copy.o(!!handler_copy)
    __scatterload_zeroinit                   0x08000189   Thumb Code    28  __scatter_zi.o(!!handler_zi)
    __rt_lib_init                            0x080001a5   Thumb Code     0  libinit.o(.ARM.Collect$$libinit$$00000000)
    __rt_lib_init_alloca_1                   0x080001a7   Thumb Code     0  libinit2.o(.ARM.Collect$$libinit$$0000002E)
    __rt_lib_init_argv_1                     0x080001a7   Thumb Code     0  libinit2.o(.ARM.Collect$$libinit$$0000002C)
    __rt_lib_init_atexit_1                   0x080001a7   Thumb Code     0  libinit2.o(.ARM.Collect$$libinit$$0000001B)
    __rt_lib_init_clock_1                    0x080001a7   Thumb Code     0  libinit2.o(.ARM.Collect$$libinit$$00000021)
    __rt_lib_init_cpp_1                      0x080001a7   Thumb Code     0  libinit2.o(.ARM.Collect$$libinit$$00000032)
    __rt_lib_init_exceptions_1               0x080001a7   Thumb Code     0  libinit2.o(.ARM.Collect$$libinit$$00000030)
    __rt_lib_init_fp_1                       0x080001a7   Thumb Code     0  libinit2.o(.ARM.Collect$$libinit$$00000002)
    __rt_lib_init_fp_trap_1                  0x080001a7   Thumb Code     0  libinit2.o(.ARM.Collect$$libinit$$0000001F)
    __rt_lib_init_getenv_1                   0x080001a7   Thumb Code     0  libinit2.o(.ARM.Collect$$libinit$$00000023)
    __rt_lib_init_heap_1                     0x080001a7   Thumb Code     0  libinit2.o(.ARM.Collect$$libinit$$0000000A)
    __rt_lib_init_lc_collate_1               0x080001a7   Thumb Code     0  libinit2.o(.ARM.Collect$$libinit$$00000011)
    __rt_lib_init_lc_ctype_1                 0x080001a7   Thumb Code     0  libinit2.o(.ARM.Collect$$libinit$$00000013)
    __rt_lib_init_lc_monetary_1              0x080001a7   Thumb Code     0  libinit2.o(.ARM.Collect$$libinit$$00000015)
    __rt_lib_init_lc_numeric_1               0x080001a7   Thumb Code     0  libinit2.o(.ARM.Collect$$libinit$$00000017)
    __rt_lib_init_lc_time_1                  0x080001a7   Thumb Code     0  libinit2.o(.ARM.Collect$$libinit$$00000019)
    __rt_lib_init_preinit_1                  0x080001a7   Thumb Code     0  libinit2.o(.ARM.Collect$$libinit$$00000004)
    __rt_lib_init_rand_1                     0x080001a7   Thumb Code     0  libinit2.o(.ARM.Collect$$libinit$$0000000E)
    __rt_lib_init_return                     0x080001a7   Thumb Code     0  libinit2.o(.ARM.Collect$$libinit$$00000033)
    __rt_lib_init_signal_1                   0x080001a7   Thumb Code     0  libinit2.o(.ARM.Collect$$libinit$$0000001D)
    __rt_lib_init_stdio_1                    0x080001a7   Thumb Code     0  libinit2.o(.ARM.Collect$$libinit$$00000025)
    __rt_lib_init_user_alloc_1               0x080001a7   Thumb Code     0  libinit2.o(.ARM.Collect$$libinit$$0000000C)
    __rt_lib_shutdown                        0x080001a9   Thumb Code     0  libshutdown.o(.ARM.Collect$$libshutdown$$00000000)
    __rt_lib_shutdown_fp_trap_1              0x080001ab   Thumb Code     0  libshutdown2.o(.ARM.Collect$$libshutdown$$00000006)
    __rt_lib_shutdown_heap_1                 0x080001ab   Thumb Code     0  libshutdown2.o(.ARM.Collect$$libshutdown$$0000000E)
    __rt_lib_shutdown_return                 0x080001ab   Thumb Code     0  libshutdown2.o(.ARM.Collect$$libshutdown$$0000000F)
    __rt_lib_shutdown_signal_1               0x080001ab   Thumb Code     0  libshutdown2.o(.ARM.Collect$$libshutdown$$00000009)
    __rt_lib_shutdown_stdio_1                0x080001ab   Thumb Code     0  libshutdown2.o(.ARM.Collect$$libshutdown$$00000003)
    __rt_lib_shutdown_user_alloc_1           0x080001ab   Thumb Code     0  libshutdown2.o(.ARM.Collect$$libshutdown$$0000000B)
    __rt_entry                               0x080001ad   Thumb Code     0  __rtentry.o(.ARM.Collect$$rtentry$$00000000)
    __rt_entry_presh_1                       0x080001ad   Thumb Code     0  __rtentry2.o(.ARM.Collect$$rtentry$$00000002)
    __rt_entry_sh                            0x080001ad   Thumb Code     0  __rtentry4.o(.ARM.Collect$$rtentry$$00000004)
    __rt_entry_li                            0x080001b3   Thumb Code     0  __rtentry2.o(.ARM.Collect$$rtentry$$0000000A)
    __rt_entry_postsh_1                      0x080001b3   Thumb Code     0  __rtentry2.o(.ARM.Collect$$rtentry$$00000009)
    __rt_entry_main                          0x080001b7   Thumb Code     0  __rtentry2.o(.ARM.Collect$$rtentry$$0000000D)
    __rt_entry_postli_1                      0x080001b7   Thumb Code     0  __rtentry2.o(.ARM.Collect$$rtentry$$0000000C)
    __rt_exit                                0x080001bf   Thumb Code     0  rtexit.o(.ARM.Collect$$rtexit$$00000000)
    __rt_exit_ls                             0x080001c1   Thumb Code     0  rtexit2.o(.ARM.Collect$$rtexit$$00000003)
    __rt_exit_prels_1                        0x080001c1   Thumb Code     0  rtexit2.o(.ARM.Collect$$rtexit$$00000002)
    __rt_exit_exit                           0x080001c5   Thumb Code     0  rtexit2.o(.ARM.Collect$$rtexit$$00000004)
    Reset_Handler                            0x080001cd   Thumb Code     8  startup_stm32f10x_hd.o(.text)
    ADC1_2_IRQHandler                        0x080001e7   Thumb Code     0  startup_stm32f10x_hd.o(.text)
    ADC3_IRQHandler                          0x080001e7   Thumb Code     0  startup_stm32f10x_hd.o(.text)
    CAN1_RX1_IRQHandler                      0x080001e7   Thumb Code     0  startup_stm32f10x_hd.o(.text)
    CAN1_SCE_IRQHandler                      0x080001e7   Thumb Code     0  startup_stm32f10x_hd.o(.text)
    DMA1_Channel1_IRQHandler                 0x080001e7   Thumb Code     0  startup_stm32f10x_hd.o(.text)
    DMA1_Channel2_IRQHandler                 0x080001e7   Thumb Code     0  startup_stm32f10x_hd.o(.text)
    DMA1_Channel3_IRQHandler                 0x080001e7   Thumb Code     0  startup_stm32f10x_hd.o(.text)
    DMA1_Channel4_IRQHandler                 0x080001e7   Thumb Code     0  startup_stm32f10x_hd.o(.text)
    DMA1_Channel5_IRQHandler                 0x080001e7   Thumb Code     0  startup_stm32f10x_hd.o(.text)
    DMA1_Channel6_IRQHandler                 0x080001e7   Thumb Code     0  startup_stm32f10x_hd.o(.text)
    DMA1_Channel7_IRQHandler                 0x080001e7   Thumb Code     0  startup_stm32f10x_hd.o(.text)
    DMA2_Channel1_IRQHandler                 0x080001e7   Thumb Code     0  startup_stm32f10x_hd.o(.text)
    DMA2_Channel2_IRQHandler                 0x080001e7   Thumb Code     0  startup_stm32f10x_hd.o(.text)
    DMA2_Channel3_IRQHandler                 0x080001e7   Thumb Code     0  startup_stm32f10x_hd.o(.text)
    DMA2_Channel4_5_IRQHandler               0x080001e7   Thumb Code     0  startup_stm32f10x_hd.o(.text)
    EXTI15_10_IRQHandler                     0x080001e7   Thumb Code     0  startup_stm32f10x_hd.o(.text)
    EXTI2_IRQHandler                         0x080001e7   Thumb Code     0  startup_stm32f10x_hd.o(.text)
    EXTI3_IRQHandler                         0x080001e7   Thumb Code     0  startup_stm32f10x_hd.o(.text)
    EXTI4_IRQHandler                         0x080001e7   Thumb Code     0  startup_stm32f10x_hd.o(.text)
    EXTI9_5_IRQHandler                       0x080001e7   Thumb Code     0  startup_stm32f10x_hd.o(.text)
    FLASH_IRQHandler                         0x080001e7   Thumb Code     0  startup_stm32f10x_hd.o(.text)
    FSMC_IRQHandler                          0x080001e7   Thumb Code     0  startup_stm32f10x_hd.o(.text)
    I2C1_ER_IRQHandler                       0x080001e7   Thumb Code     0  startup_stm32f10x_hd.o(.text)
    I2C1_EV_IRQHandler                       0x080001e7   Thumb Code     0  startup_stm32f10x_hd.o(.text)
    I2C2_ER_IRQHandler                       0x080001e7   Thumb Code     0  startup_stm32f10x_hd.o(.text)
    I2C2_EV_IRQHandler                       0x080001e7   Thumb Code     0  startup_stm32f10x_hd.o(.text)
    PVD_IRQHandler                           0x080001e7   Thumb Code     0  startup_stm32f10x_hd.o(.text)
    RCC_IRQHandler                           0x080001e7   Thumb Code     0  startup_stm32f10x_hd.o(.text)
    RTCAlarm_IRQHandler                      0x080001e7   Thumb Code     0  startup_stm32f10x_hd.o(.text)
    RTC_IRQHandler                           0x080001e7   Thumb Code     0  startup_stm32f10x_hd.o(.text)
    SDIO_IRQHandler                          0x080001e7   Thumb Code     0  startup_stm32f10x_hd.o(.text)
    SPI1_IRQHandler                          0x080001e7   Thumb Code     0  startup_stm32f10x_hd.o(.text)
    SPI2_IRQHandler                          0x080001e7   Thumb Code     0  startup_stm32f10x_hd.o(.text)
    SPI3_IRQHandler                          0x080001e7   Thumb Code     0  startup_stm32f10x_hd.o(.text)
    TAMPER_IRQHandler                        0x080001e7   Thumb Code     0  startup_stm32f10x_hd.o(.text)
    TIM1_BRK_IRQHandler                      0x080001e7   Thumb Code     0  startup_stm32f10x_hd.o(.text)
    TIM1_CC_IRQHandler                       0x080001e7   Thumb Code     0  startup_stm32f10x_hd.o(.text)
    TIM1_TRG_COM_IRQHandler                  0x080001e7   Thumb Code     0  startup_stm32f10x_hd.o(.text)
    TIM2_IRQHandler                          0x080001e7   Thumb Code     0  startup_stm32f10x_hd.o(.text)
    TIM4_IRQHandler                          0x080001e7   Thumb Code     0  startup_stm32f10x_hd.o(.text)
    TIM5_IRQHandler                          0x080001e7   Thumb Code     0  startup_stm32f10x_hd.o(.text)
    TIM6_IRQHandler                          0x080001e7   Thumb Code     0  startup_stm32f10x_hd.o(.text)
    TIM7_IRQHandler                          0x080001e7   Thumb Code     0  startup_stm32f10x_hd.o(.text)
    TIM8_BRK_IRQHandler                      0x080001e7   Thumb Code     0  startup_stm32f10x_hd.o(.text)
    TIM8_CC_IRQHandler                       0x080001e7   Thumb Code     0  startup_stm32f10x_hd.o(.text)
    TIM8_TRG_COM_IRQHandler                  0x080001e7   Thumb Code     0  startup_stm32f10x_hd.o(.text)
    TIM8_UP_IRQHandler                       0x080001e7   Thumb Code     0  startup_stm32f10x_hd.o(.text)
    UART4_IRQHandler                         0x080001e7   Thumb Code     0  startup_stm32f10x_hd.o(.text)
    UART5_IRQHandler                         0x080001e7   Thumb Code     0  startup_stm32f10x_hd.o(.text)
    USART2_IRQHandler                        0x080001e7   Thumb Code     0  startup_stm32f10x_hd.o(.text)
    USART3_IRQHandler                        0x080001e7   Thumb Code     0  startup_stm32f10x_hd.o(.text)
    USBWakeUp_IRQHandler                     0x080001e7   Thumb Code     0  startup_stm32f10x_hd.o(.text)
    USB_HP_CAN1_TX_IRQHandler                0x080001e7   Thumb Code     0  startup_stm32f10x_hd.o(.text)
    USB_LP_CAN1_RX0_IRQHandler               0x080001e7   Thumb Code     0  startup_stm32f10x_hd.o(.text)
    WWDG_IRQHandler                          0x080001e7   Thumb Code     0  startup_stm32f10x_hd.o(.text)
    __user_initial_stackheap                 0x080001e9   Thumb Code     0  startup_stm32f10x_hd.o(.text)
    __use_no_semihosting                     0x0800020d   Thumb Code     2  use_no_semi_2.o(.text)
    __2printf                                0x08000211   Thumb Code    20  noretval__2printf.o(.text)
    __use_two_region_memory                  0x08000229   Thumb Code     2  heapauxi.o(.text)
    __rt_heap_escrow$2region                 0x0800022b   Thumb Code     2  heapauxi.o(.text)
    __rt_heap_expand$2region                 0x0800022d   Thumb Code     2  heapauxi.o(.text)
    __I$use$semihosting                      0x0800022f   Thumb Code     0  use_no_semi.o(.text)
    __use_no_semihosting_swi                 0x0800022f   Thumb Code     2  use_no_semi.o(.text)
    _printf_char_file                        0x08000231   Thumb Code    32  _printf_char_file.o(.text)
    _printf_char_common                      0x0800025f   Thumb Code    32  _printf_char_common.o(.text)
    ferror                                   0x08000285   Thumb Code     8  ferror.o(.text)
    __user_setup_stackheap                   0x0800028d   Thumb Code    74  sys_stackheap_outer.o(.text)
    __printf                                 0x080002d7   Thumb Code    40  __printf_nopercent.o(.text)
    exit                                     0x080002ff   Thumb Code    12  exit.o(.text)
    __user_libspace                          0x0800030d   Thumb Code     8  libspace.o(.text)
    __user_perproc_libspace                  0x0800030d   Thumb Code     0  libspace.o(.text)
    __user_perthread_libspace                0x0800030d   Thumb Code     0  libspace.o(.text)
    ADC1_GPIO_Config                         0x08000315   Thumb Code   144  adc.o(i.ADC1_GPIO_Config)
    ADC1_Mode_Config                         0x080003ad   Thumb Code   252  adc.o(i.ADC1_Mode_Config)
    ADC_Cmd                                  0x080004b5   Thumb Code    22  stm32f10x_adc.o(i.ADC_Cmd)
    ADC_DMACmd                               0x080004cb   Thumb Code    22  stm32f10x_adc.o(i.ADC_DMACmd)
    ADC_GetCalibrationStatus                 0x080004e1   Thumb Code    20  stm32f10x_adc.o(i.ADC_GetCalibrationStatus)
    ADC_GetResetCalibrationStatus            0x080004f5   Thumb Code    20  stm32f10x_adc.o(i.ADC_GetResetCalibrationStatus)
    ADC_Init                                 0x08000509   Thumb Code    70  stm32f10x_adc.o(i.ADC_Init)
    ADC_RegularChannelConfig                 0x08000559   Thumb Code   184  stm32f10x_adc.o(i.ADC_RegularChannelConfig)
    ADC_ResetCalibration                     0x08000611   Thumb Code    10  stm32f10x_adc.o(i.ADC_ResetCalibration)
    ADC_SoftwareStartConvCmd                 0x0800061b   Thumb Code    22  stm32f10x_adc.o(i.ADC_SoftwareStartConvCmd)
    ADC_StartCalibration                     0x08000631   Thumb Code    10  stm32f10x_adc.o(i.ADC_StartCalibration)
    BusFault_Handler                         0x0800063b   Thumb Code     4  stm32f10x_it.o(i.BusFault_Handler)
    DMA_Cmd                                  0x0800063f   Thumb Code    24  stm32f10x_dma.o(i.DMA_Cmd)
    DMA_DeInit                               0x08000659   Thumb Code   324  stm32f10x_dma.o(i.DMA_DeInit)
    DMA_Init                                 0x080007a5   Thumb Code    60  stm32f10x_dma.o(i.DMA_Init)
    DebugMon_Handler                         0x080007e1   Thumb Code     2  stm32f10x_it.o(i.DebugMon_Handler)
    EXTI0_IRQHandler                         0x080007e5   Thumb Code    76  encoder.o(i.EXTI0_IRQHandler)
    EXTI1_IRQHandler                         0x0800083d   Thumb Code    78  encoder.o(i.EXTI1_IRQHandler)
    EXTI_Init                                0x08000899   Thumb Code   142  stm32f10x_exti.o(i.EXTI_Init)
    Encoder_Init_TIM3                        0x0800092d   Thumb Code   178  encoder.o(i.Encoder_Init_TIM3)
    Encoder_Init_TIM_Exit0                   0x080009e9   Thumb Code   106  encoder.o(i.Encoder_Init_TIM_Exit0)
    Encoder_Init_TIM_Exit1                   0x08000a59   Thumb Code   102  encoder.o(i.Encoder_Init_TIM_Exit1)
    GPIO_EXTILineConfig                      0x08000ac5   Thumb Code    60  stm32f10x_gpio.o(i.GPIO_EXTILineConfig)
    GPIO_Init                                0x08000b05   Thumb Code   278  stm32f10x_gpio.o(i.GPIO_Init)
    GPIO_PinRemapConfig                      0x08000c1d   Thumb Code   138  stm32f10x_gpio.o(i.GPIO_PinRemapConfig)
    GPIO_ResetBits                           0x08000cad   Thumb Code     4  stm32f10x_gpio.o(i.GPIO_ResetBits)
    GPIO_SetBits                             0x08000cb1   Thumb Code     4  stm32f10x_gpio.o(i.GPIO_SetBits)
    GetVolt                                  0x08000cb5   Thumb Code    22  adc.o(i.GetVolt)
    HardFault_Handler                        0x08000ccb   Thumb Code     4  stm32f10x_it.o(i.HardFault_Handler)
    LED_Init                                 0x08000cd1   Thumb Code    46  led.o(i.LED_Init)
    MemManage_Handler                        0x08000d05   Thumb Code     4  stm32f10x_it.o(i.MemManage_Handler)
    Motor_Gpio_init                          0x08000d09   Thumb Code    38  motor.o(i.Motor_Gpio_init)
    NMI_Handler                              0x08000d35   Thumb Code     2  stm32f10x_it.o(i.NMI_Handler)
    NRF24L01_Check                           0x08000d39   Thumb Code    72  24l01.o(i.NRF24L01_Check)
    NRF24L01_Init                            0x08000d89   Thumb Code   198  24l01.o(i.NRF24L01_Init)
    NRF24L01_Read_Buf                        0x08000e65   Thumb Code    56  24l01.o(i.NRF24L01_Read_Buf)
    NRF24L01_Read_Reg                        0x08000ea1   Thumb Code    36  24l01.o(i.NRF24L01_Read_Reg)
    NRF24L01_TX_Mode                         0x08000ecd   Thumb Code    86  24l01.o(i.NRF24L01_TX_Mode)
    NRF24L01_TxPacket                        0x08000f35   Thumb Code    94  24l01.o(i.NRF24L01_TxPacket)
    NRF24L01_Write_Buf                       0x08000f9d   Thumb Code    56  24l01.o(i.NRF24L01_Write_Buf)
    NRF24L01_Write_Reg                       0x08000fd9   Thumb Code    38  24l01.o(i.NRF24L01_Write_Reg)
    NVIC_Init                                0x08001009   Thumb Code   100  misc.o(i.NVIC_Init)
    NVIC_PriorityGroupConfig                 0x08001079   Thumb Code    10  misc.o(i.NVIC_PriorityGroupConfig)
    PWM2_Init                                0x0800108d   Thumb Code   168  motor.o(i.PWM2_Init)
    PendSV_Handler                           0x08001139   Thumb Code     2  stm32f10x_it.o(i.PendSV_Handler)
    RCC_ADCCLKConfig                         0x0800113d   Thumb Code    18  stm32f10x_rcc.o(i.RCC_ADCCLKConfig)
    RCC_AHBPeriphClockCmd                    0x08001155   Thumb Code    26  stm32f10x_rcc.o(i.RCC_AHBPeriphClockCmd)
    RCC_APB1PeriphClockCmd                   0x08001175   Thumb Code    26  stm32f10x_rcc.o(i.RCC_APB1PeriphClockCmd)
    RCC_APB2PeriphClockCmd                   0x08001195   Thumb Code    26  stm32f10x_rcc.o(i.RCC_APB2PeriphClockCmd)
    RCC_GetClocksFreq                        0x080011b5   Thumb Code   192  stm32f10x_rcc.o(i.RCC_GetClocksFreq)
    SPI2_Init                                0x08001289   Thumb Code   140  spi.o(i.SPI2_Init)
    SPI2_ReadWriteByte                       0x0800131d   Thumb Code    78  spi.o(i.SPI2_ReadWriteByte)
    SPI2_SetSpeed                            0x08001371   Thumb Code    36  spi.o(i.SPI2_SetSpeed)
    SPI_Cmd                                  0x08001399   Thumb Code    24  stm32f10x_spi.o(i.SPI_Cmd)
    SPI_I2S_GetFlagStatus                    0x080013b1   Thumb Code    18  stm32f10x_spi.o(i.SPI_I2S_GetFlagStatus)
    SPI_I2S_ReceiveData                      0x080013c3   Thumb Code     6  stm32f10x_spi.o(i.SPI_I2S_ReceiveData)
    SPI_I2S_SendData                         0x080013c9   Thumb Code     4  stm32f10x_spi.o(i.SPI_I2S_SendData)
    SPI_Init                                 0x080013cd   Thumb Code    60  stm32f10x_spi.o(i.SPI_Init)
    SVC_Handler                              0x08001409   Thumb Code     2  stm32f10x_it.o(i.SVC_Handler)
    SysTick_CLKSourceConfig                  0x080014f5   Thumb Code    40  misc.o(i.SysTick_CLKSourceConfig)
    SysTick_Handler                          0x0800151d   Thumb Code     2  stm32f10x_it.o(i.SysTick_Handler)
    SystemInit                               0x08001521   Thumb Code    78  system_stm32f10x.o(i.SystemInit)
    TIM1_Int_Init                            0x080017c1   Thumb Code    94  timer.o(i.TIM1_Int_Init)
    TIM1_UP_IRQHandler                       0x08001825   Thumb Code   102  timer.o(i.TIM1_UP_IRQHandler)
    TIM2_PWM_Init                            0x080018a5   Thumb Code   136  servor.o(i.TIM2_PWM_Init)
    TIM3_IRQHandler                          0x08001935   Thumb Code    30  encoder.o(i.TIM3_IRQHandler)
    TIM_ClearFlag                            0x08001959   Thumb Code     6  stm32f10x_tim.o(i.TIM_ClearFlag)
    TIM_ClearITPendingBit                    0x0800195f   Thumb Code     6  stm32f10x_tim.o(i.TIM_ClearITPendingBit)
    TIM_Cmd                                  0x08001965   Thumb Code    24  stm32f10x_tim.o(i.TIM_Cmd)
    TIM_EncoderInterfaceConfig               0x0800197d   Thumb Code    66  stm32f10x_tim.o(i.TIM_EncoderInterfaceConfig)
    TIM_GetITStatus                          0x080019bf   Thumb Code    34  stm32f10x_tim.o(i.TIM_GetITStatus)
    TIM_ICInit                               0x080019e1   Thumb Code   150  stm32f10x_tim.o(i.TIM_ICInit)
    TIM_ICStructInit                         0x08001a8d   Thumb Code    18  stm32f10x_tim.o(i.TIM_ICStructInit)
    TIM_ITConfig                             0x08001a9f   Thumb Code    18  stm32f10x_tim.o(i.TIM_ITConfig)
    TIM_OC1Init                              0x08001ab1   Thumb Code   132  stm32f10x_tim.o(i.TIM_OC1Init)
    TIM_OC1PreloadConfig                     0x08001b49   Thumb Code    18  stm32f10x_tim.o(i.TIM_OC1PreloadConfig)
    TIM_OC2Init                              0x08001b5d   Thumb Code   154  stm32f10x_tim.o(i.TIM_OC2Init)
    TIM_OC2PreloadConfig                     0x08001c01   Thumb Code    26  stm32f10x_tim.o(i.TIM_OC2PreloadConfig)
    TIM_OC3Init                              0x08001c1d   Thumb Code   150  stm32f10x_tim.o(i.TIM_OC3Init)
    TIM_OC3PreloadConfig                     0x08001cbd   Thumb Code    18  stm32f10x_tim.o(i.TIM_OC3PreloadConfig)
    TIM_OC4Init                              0x08001cd1   Thumb Code   114  stm32f10x_tim.o(i.TIM_OC4Init)
    TIM_OC4PreloadConfig                     0x08001d4d   Thumb Code    26  stm32f10x_tim.o(i.TIM_OC4PreloadConfig)
    TIM_SetCompare1                          0x08001d67   Thumb Code     4  stm32f10x_tim.o(i.TIM_SetCompare1)
    TIM_SetCompare2                          0x08001d6b   Thumb Code     4  stm32f10x_tim.o(i.TIM_SetCompare2)
    TIM_SetCompare3                          0x08001d6f   Thumb Code     4  stm32f10x_tim.o(i.TIM_SetCompare3)
    TIM_SetCompare4                          0x08001d73   Thumb Code     6  stm32f10x_tim.o(i.TIM_SetCompare4)
    TIM_SetCounter                           0x08001d79   Thumb Code     4  stm32f10x_tim.o(i.TIM_SetCounter)
    TIM_SetIC1Prescaler                      0x08001d7d   Thumb Code    18  stm32f10x_tim.o(i.TIM_SetIC1Prescaler)
    TIM_SetIC2Prescaler                      0x08001d8f   Thumb Code    26  stm32f10x_tim.o(i.TIM_SetIC2Prescaler)
    TIM_SetIC3Prescaler                      0x08001da9   Thumb Code    18  stm32f10x_tim.o(i.TIM_SetIC3Prescaler)
    TIM_SetIC4Prescaler                      0x08001dbb   Thumb Code    26  stm32f10x_tim.o(i.TIM_SetIC4Prescaler)
    TIM_TimeBaseInit                         0x08001dd5   Thumb Code   122  stm32f10x_tim.o(i.TIM_TimeBaseInit)
    TIM_TimeBaseStructInit                   0x08001e79   Thumb Code    18  stm32f10x_tim.o(i.TIM_TimeBaseStructInit)
    USART1_IRQHandler                        0x08001e8d   Thumb Code   122  usart.o(i.USART1_IRQHandler)
    USART_Cmd                                0x08001f15   Thumb Code    24  stm32f10x_usart.o(i.USART_Cmd)
    USART_GetFlagStatus                      0x08001f2d   Thumb Code    26  stm32f10x_usart.o(i.USART_GetFlagStatus)
    USART_GetITStatus                        0x08001f47   Thumb Code    84  stm32f10x_usart.o(i.USART_GetITStatus)
    USART_ITConfig                           0x08001f9b   Thumb Code    74  stm32f10x_usart.o(i.USART_ITConfig)
    USART_Init                               0x08001fe5   Thumb Code   210  stm32f10x_usart.o(i.USART_Init)
    USART_ReceiveData                        0x080020bd   Thumb Code    10  stm32f10x_usart.o(i.USART_ReceiveData)
    UsageFault_Handler                       0x080020c7   Thumb Code     4  stm32f10x_it.o(i.UsageFault_Handler)
    _sys_exit                                0x080020cb   Thumb Code     6  usart.o(i._sys_exit)
    date_change                              0x080020d1   Thumb Code   170  adc.o(i.date_change)
    delay_init                               0x08002185   Thumb Code    50  delay.o(i.delay_init)
    delay_ms                                 0x080021c9   Thumb Code    72  delay.o(i.delay_ms)
    distance                                 0x08002215   Thumb Code   368  adc.o(i.distance)
    filter                                   0x080023b9   Thumb Code    56  adc.o(i.filter)
    fputc                                    0x080023f9   Thumb Code    24  usart.o(i.fputc)
    main                                     0x08002415   Thumb Code   106  main.o(i.main)
    uart_init                                0x080024a5   Thumb Code   152  usart.o(i.uart_init)
    __aeabi_dadd                             0x08002545   Thumb Code     0  daddsub_clz.o(x$fpl$dadd)
    _dadd                                    0x08002545   Thumb Code   332  daddsub_clz.o(x$fpl$dadd)
    __aeabi_ddiv                             0x08002695   Thumb Code     0  ddiv.o(x$fpl$ddiv)
    _ddiv                                    0x08002695   Thumb Code   552  ddiv.o(x$fpl$ddiv)
    __aeabi_d2iz                             0x08002945   Thumb Code     0  dfix.o(x$fpl$dfix)
    _dfix                                    0x08002945   Thumb Code    94  dfix.o(x$fpl$dfix)
    __aeabi_ui2d                             0x080029a3   Thumb Code     0  dflt_clz.o(x$fpl$dfltu)
    _dfltu                                   0x080029a3   Thumb Code    38  dflt_clz.o(x$fpl$dfltu)
    __fpl_dnaninf                            0x080029c9   Thumb Code   156  dnaninf.o(x$fpl$dnaninf)
    __fpl_dretinf                            0x08002a65   Thumb Code    12  dretinf.o(x$fpl$dretinf)
    __aeabi_dsub                             0x08002a71   Thumb Code     0  daddsub_clz.o(x$fpl$dsub)
    _dsub                                    0x08002a71   Thumb Code   464  daddsub_clz.o(x$fpl$dsub)
    TX_ADDRESS                               0x08002c44   Data           5  24l01.o(.constdata)
    __I$use$fp                               0x08002c44   Number         0  usenofp.o(x$fpl$usenofp)
    RX_ADDRESS                               0x08002c49   Data           5  24l01.o(.constdata)
    Region$$Table$$Base                      0x08002c50   Number         0  anon$$obj.o(Region$$Table)
    Region$$Table$$Limit                     0x08002c70   Number         0  anon$$obj.o(Region$$Table)
    SystemCoreClock                          0x20000000   Data           4  system_stm32f10x.o(.data)
    AHBPrescTable                            0x20000004   Data          16  system_stm32f10x.o(.data)
    Encoder_A_EXTI                           0x20000014   Data           4  encoder.o(.data)
    Encoder_B_EXTI                           0x20000018   Data           4  encoder.o(.data)
    i                                        0x2000001c   Data           2  timer.o(.data)
    j                                        0x2000001e   Data           2  timer.o(.data)
    k                                        0x20000020   Data           2  timer.o(.data)
    Encoder_Left                             0x20000024   Data           4  timer.o(.data)
    Encoder_Right                            0x20000028   Data           4  timer.o(.data)
    t                                        0x2000002c   Data           1  timer.o(.data)
    servor_pwm                               0x2000002d   Data           1  timer.o(.data)
    vout                                     0x2000002e   Data           2  timer.o(.data)
    adc_date                                 0x20000030   Data           2  timer.o(.data)
    Motor_A                                  0x20000034   Data           4  timer.o(.data)
    Motor_B                                  0x20000038   Data           4  timer.o(.data)
    juli                                     0x2000003c   Data           4  timer.o(.data)
    target                                   0x20000040   Data           4  timer.o(.data)
    angle                                    0x20000044   Data           4  timer.o(.data)
    After_filter                             0x20000048   Data           8  adc.o(.data)
    __stdout                                 0x20000054   Data           4  usart.o(.data)
    USART_RX_STA                             0x20000058   Data           2  usart.o(.data)
    send                                     0x20000070   Data          16  timer.o(.bss)
    value                                    0x20000080   Data          16  timer.o(.bss)
    array                                    0x20000090   Data          16  timer.o(.bss)
    send_date                                0x200000a0   Data          32  timer.o(.bss)
    AD_Value                                 0x200000c0   Data         400  adc.o(.bss)
    USART_RX_BUF                             0x20000250   Data         200  usart.o(.bss)
    __libspace_start                         0x20000318   Data          96  libspace.o(.bss)
    __temporary_stack_top$libspace           0x20000378   Data           0  libspace.o(.bss)



==============================================================================

Memory Map of the image

  Image Entry point : 0x080001cd

  Load Region LR_1 (Base: 0x08000000, Size: 0x00002ce0, Max: 0xffffffff, ABSOLUTE)

    Execution Region ER_RO (Base: 0x08000000, Size: 0x00002c70, Max: 0xffffffff, ABSOLUTE)

    Base Addr    Size         Type   Attr      Idx    E Section Name        Object

    0x08000000   0x00000130   Data   RO          683    RESET               startup_stm32f10x_hd.o
    0x08000130   0x00000008   Code   RO         3665  * !!!main             c_w.l(__main.o)
    0x08000138   0x00000034   Code   RO         3876    !!!scatter          c_w.l(__scatter.o)
    0x0800016c   0x0000001a   Code   RO         3878    !!handler_copy      c_w.l(__scatter_copy.o)
    0x08000186   0x00000002   PAD
    0x08000188   0x0000001c   Code   RO         3880    !!handler_zi        c_w.l(__scatter_zi.o)
    0x080001a4   0x00000002   Code   RO         3751    .ARM.Collect$$libinit$$00000000  c_w.l(libinit.o)
    0x080001a6   0x00000000   Code   RO         3758    .ARM.Collect$$libinit$$00000002  c_w.l(libinit2.o)
    0x080001a6   0x00000000   Code   RO         3760    .ARM.Collect$$libinit$$00000004  c_w.l(libinit2.o)
    0x080001a6   0x00000000   Code   RO         3763    .ARM.Collect$$libinit$$0000000A  c_w.l(libinit2.o)
    0x080001a6   0x00000000   Code   RO         3765    .ARM.Collect$$libinit$$0000000C  c_w.l(libinit2.o)
    0x080001a6   0x00000000   Code   RO         3767    .ARM.Collect$$libinit$$0000000E  c_w.l(libinit2.o)
    0x080001a6   0x00000000   Code   RO         3770    .ARM.Collect$$libinit$$00000011  c_w.l(libinit2.o)
    0x080001a6   0x00000000   Code   RO         3772    .ARM.Collect$$libinit$$00000013  c_w.l(libinit2.o)
    0x080001a6   0x00000000   Code   RO         3774    .ARM.Collect$$libinit$$00000015  c_w.l(libinit2.o)
    0x080001a6   0x00000000   Code   RO         3776    .ARM.Collect$$libinit$$00000017  c_w.l(libinit2.o)
    0x080001a6   0x00000000   Code   RO         3778    .ARM.Collect$$libinit$$00000019  c_w.l(libinit2.o)
    0x080001a6   0x00000000   Code   RO         3780    .ARM.Collect$$libinit$$0000001B  c_w.l(libinit2.o)
    0x080001a6   0x00000000   Code   RO         3782    .ARM.Collect$$libinit$$0000001D  c_w.l(libinit2.o)
    0x080001a6   0x00000000   Code   RO         3784    .ARM.Collect$$libinit$$0000001F  c_w.l(libinit2.o)
    0x080001a6   0x00000000   Code   RO         3786    .ARM.Collect$$libinit$$00000021  c_w.l(libinit2.o)
    0x080001a6   0x00000000   Code   RO         3788    .ARM.Collect$$libinit$$00000023  c_w.l(libinit2.o)
    0x080001a6   0x00000000   Code   RO         3790    .ARM.Collect$$libinit$$00000025  c_w.l(libinit2.o)
    0x080001a6   0x00000000   Code   RO         3794    .ARM.Collect$$libinit$$0000002C  c_w.l(libinit2.o)
    0x080001a6   0x00000000   Code   RO         3796    .ARM.Collect$$libinit$$0000002E  c_w.l(libinit2.o)
    0x080001a6   0x00000000   Code   RO         3798    .ARM.Collect$$libinit$$00000030  c_w.l(libinit2.o)
    0x080001a6   0x00000000   Code   RO         3800    .ARM.Collect$$libinit$$00000032  c_w.l(libinit2.o)
    0x080001a6   0x00000002   Code   RO         3801    .ARM.Collect$$libinit$$00000033  c_w.l(libinit2.o)
    0x080001a8   0x00000002   Code   RO         3819    .ARM.Collect$$libshutdown$$00000000  c_w.l(libshutdown.o)
    0x080001aa   0x00000000   Code   RO         3830    .ARM.Collect$$libshutdown$$00000003  c_w.l(libshutdown2.o)
    0x080001aa   0x00000000   Code   RO         3833    .ARM.Collect$$libshutdown$$00000006  c_w.l(libshutdown2.o)
    0x080001aa   0x00000000   Code   RO         3836    .ARM.Collect$$libshutdown$$00000009  c_w.l(libshutdown2.o)
    0x080001aa   0x00000000   Code   RO         3838    .ARM.Collect$$libshutdown$$0000000B  c_w.l(libshutdown2.o)
    0x080001aa   0x00000000   Code   RO         3841    .ARM.Collect$$libshutdown$$0000000E  c_w.l(libshutdown2.o)
    0x080001aa   0x00000002   Code   RO         3842    .ARM.Collect$$libshutdown$$0000000F  c_w.l(libshutdown2.o)
    0x080001ac   0x00000000   Code   RO         3707    .ARM.Collect$$rtentry$$00000000  c_w.l(__rtentry.o)
    0x080001ac   0x00000000   Code   RO         3720    .ARM.Collect$$rtentry$$00000002  c_w.l(__rtentry2.o)
    0x080001ac   0x00000006   Code   RO         3732    .ARM.Collect$$rtentry$$00000004  c_w.l(__rtentry4.o)
    0x080001b2   0x00000000   Code   RO         3722    .ARM.Collect$$rtentry$$00000009  c_w.l(__rtentry2.o)
    0x080001b2   0x00000004   Code   RO         3723    .ARM.Collect$$rtentry$$0000000A  c_w.l(__rtentry2.o)
    0x080001b6   0x00000000   Code   RO         3725    .ARM.Collect$$rtentry$$0000000C  c_w.l(__rtentry2.o)
    0x080001b6   0x00000008   Code   RO         3726    .ARM.Collect$$rtentry$$0000000D  c_w.l(__rtentry2.o)
    0x080001be   0x00000002   Code   RO         3755    .ARM.Collect$$rtexit$$00000000  c_w.l(rtexit.o)
    0x080001c0   0x00000000   Code   RO         3803    .ARM.Collect$$rtexit$$00000002  c_w.l(rtexit2.o)
    0x080001c0   0x00000004   Code   RO         3804    .ARM.Collect$$rtexit$$00000003  c_w.l(rtexit2.o)
    0x080001c4   0x00000006   Code   RO         3805    .ARM.Collect$$rtexit$$00000004  c_w.l(rtexit2.o)
    0x080001ca   0x00000002   PAD
    0x080001cc   0x00000040   Code   RO          684  * .text               startup_stm32f10x_hd.o
    0x0800020c   0x00000002   Code   RO         3657    .text               c_w.l(use_no_semi_2.o)
    0x0800020e   0x00000002   PAD
    0x08000210   0x00000018   Code   RO         3661    .text               c_w.l(noretval__2printf.o)
    0x08000228   0x00000006   Code   RO         3663    .text               c_w.l(heapauxi.o)
    0x0800022e   0x00000002   Code   RO         3705    .text               c_w.l(use_no_semi.o)
    0x08000230   0x00000024   Code   RO         3708    .text               c_w.l(_printf_char_file.o)
    0x08000254   0x00000030   Code   RO         3734    .text               c_w.l(_printf_char_common.o)
    0x08000284   0x00000008   Code   RO         3736    .text               c_w.l(ferror.o)
    0x0800028c   0x0000004a   Code   RO         3740    .text               c_w.l(sys_stackheap_outer.o)
    0x080002d6   0x00000028   Code   RO         3742    .text               c_w.l(__printf_nopercent.o)
    0x080002fe   0x0000000c   Code   RO         3744    .text               c_w.l(exit.o)
    0x0800030a   0x00000002   PAD
    0x0800030c   0x00000008   Code   RO         3752    .text               c_w.l(libspace.o)
    0x08000314   0x00000098   Code   RO          426    i.ADC1_GPIO_Config  adc.o
    0x080003ac   0x00000108   Code   RO          427    i.ADC1_Mode_Config  adc.o
    0x080004b4   0x00000016   Code   RO          730    i.ADC_Cmd           stm32f10x_adc.o
    0x080004ca   0x00000016   Code   RO          731    i.ADC_DMACmd        stm32f10x_adc.o
    0x080004e0   0x00000014   Code   RO          738    i.ADC_GetCalibrationStatus  stm32f10x_adc.o
    0x080004f4   0x00000014   Code   RO          744    i.ADC_GetResetCalibrationStatus  stm32f10x_adc.o
    0x08000508   0x00000050   Code   RO          748    i.ADC_Init          stm32f10x_adc.o
    0x08000558   0x000000b8   Code   RO          752    i.ADC_RegularChannelConfig  stm32f10x_adc.o
    0x08000610   0x0000000a   Code   RO          753    i.ADC_ResetCalibration  stm32f10x_adc.o
    0x0800061a   0x00000016   Code   RO          755    i.ADC_SoftwareStartConvCmd  stm32f10x_adc.o
    0x08000630   0x0000000a   Code   RO          757    i.ADC_StartCalibration  stm32f10x_adc.o
    0x0800063a   0x00000004   Code   RO          142    i.BusFault_Handler  stm32f10x_it.o
    0x0800063e   0x00000018   Code   RO         1415    i.DMA_Cmd           stm32f10x_dma.o
    0x08000656   0x00000002   PAD
    0x08000658   0x0000014c   Code   RO         1416    i.DMA_DeInit        stm32f10x_dma.o
    0x080007a4   0x0000003c   Code   RO         1421    i.DMA_Init          stm32f10x_dma.o
    0x080007e0   0x00000002   Code   RO          143    i.DebugMon_Handler  stm32f10x_it.o
    0x080007e2   0x00000002   PAD
    0x080007e4   0x00000058   Code   RO          329    i.EXTI0_IRQHandler  encoder.o
    0x0800083c   0x0000005c   Code   RO          330    i.EXTI1_IRQHandler  encoder.o
    0x08000898   0x00000094   Code   RO         1491    i.EXTI_Init         stm32f10x_exti.o
    0x0800092c   0x000000bc   Code   RO          331    i.Encoder_Init_TIM3  encoder.o
    0x080009e8   0x00000070   Code   RO          332    i.Encoder_Init_TIM_Exit0  encoder.o
    0x08000a58   0x0000006c   Code   RO          333    i.Encoder_Init_TIM_Exit1  encoder.o
    0x08000ac4   0x00000040   Code   RO         1836    i.GPIO_EXTILineConfig  stm32f10x_gpio.o
    0x08000b04   0x00000116   Code   RO         1839    i.GPIO_Init         stm32f10x_gpio.o
    0x08000c1a   0x00000002   PAD
    0x08000c1c   0x00000090   Code   RO         1841    i.GPIO_PinRemapConfig  stm32f10x_gpio.o
    0x08000cac   0x00000004   Code   RO         1846    i.GPIO_ResetBits    stm32f10x_gpio.o
    0x08000cb0   0x00000004   Code   RO         1847    i.GPIO_SetBits      stm32f10x_gpio.o
    0x08000cb4   0x00000016   Code   RO          428    i.GetVolt           adc.o
    0x08000cca   0x00000004   Code   RO          144    i.HardFault_Handler  stm32f10x_it.o
    0x08000cce   0x00000002   PAD
    0x08000cd0   0x00000034   Code   RO          239    i.LED_Init          led.o
    0x08000d04   0x00000004   Code   RO          145    i.MemManage_Handler  stm32f10x_it.o
    0x08000d08   0x0000002c   Code   RO          279    i.Motor_Gpio_init   motor.o
    0x08000d34   0x00000002   Code   RO          146    i.NMI_Handler       stm32f10x_it.o
    0x08000d36   0x00000002   PAD
    0x08000d38   0x00000050   Code   RO          482    i.NRF24L01_Check    24l01.o
    0x08000d88   0x000000dc   Code   RO          483    i.NRF24L01_Init     24l01.o
    0x08000e64   0x0000003c   Code   RO          485    i.NRF24L01_Read_Buf  24l01.o
    0x08000ea0   0x0000002c   Code   RO          486    i.NRF24L01_Read_Reg  24l01.o
    0x08000ecc   0x00000068   Code   RO          488    i.NRF24L01_TX_Mode  24l01.o
    0x08000f34   0x00000068   Code   RO          489    i.NRF24L01_TxPacket  24l01.o
    0x08000f9c   0x0000003c   Code   RO          490    i.NRF24L01_Write_Buf  24l01.o
    0x08000fd8   0x00000030   Code   RO          491    i.NRF24L01_Write_Reg  24l01.o
    0x08001008   0x00000070   Code   RO          688    i.NVIC_Init         misc.o
    0x08001078   0x00000014   Code   RO          689    i.NVIC_PriorityGroupConfig  misc.o
    0x0800108c   0x000000ac   Code   RO          280    i.PWM2_Init         motor.o
    0x08001138   0x00000002   Code   RO          147    i.PendSV_Handler    stm32f10x_it.o
    0x0800113a   0x00000002   PAD
    0x0800113c   0x00000018   Code   RO         2253    i.RCC_ADCCLKConfig  stm32f10x_rcc.o
    0x08001154   0x00000020   Code   RO         2254    i.RCC_AHBPeriphClockCmd  stm32f10x_rcc.o
    0x08001174   0x00000020   Code   RO         2255    i.RCC_APB1PeriphClockCmd  stm32f10x_rcc.o
    0x08001194   0x00000020   Code   RO         2257    i.RCC_APB2PeriphClockCmd  stm32f10x_rcc.o
    0x080011b4   0x000000d4   Code   RO         2265    i.RCC_GetClocksFreq  stm32f10x_rcc.o
    0x08001288   0x00000094   Code   RO          551    i.SPI2_Init         spi.o
    0x0800131c   0x00000054   Code   RO          552    i.SPI2_ReadWriteByte  spi.o
    0x08001370   0x00000028   Code   RO          553    i.SPI2_SetSpeed     spi.o
    0x08001398   0x00000018   Code   RO         2734    i.SPI_Cmd           stm32f10x_spi.o
    0x080013b0   0x00000012   Code   RO         2742    i.SPI_I2S_GetFlagStatus  stm32f10x_spi.o
    0x080013c2   0x00000006   Code   RO         2745    i.SPI_I2S_ReceiveData  stm32f10x_spi.o
    0x080013c8   0x00000004   Code   RO         2746    i.SPI_I2S_SendData  stm32f10x_spi.o
    0x080013cc   0x0000003c   Code   RO         2747    i.SPI_Init          stm32f10x_spi.o
    0x08001408   0x00000002   Code   RO          148    i.SVC_Handler       stm32f10x_it.o
    0x0800140a   0x00000008   Code   RO          205    i.SetSysClock       system_stm32f10x.o
    0x08001412   0x00000002   PAD
    0x08001414   0x000000e0   Code   RO          206    i.SetSysClockTo72   system_stm32f10x.o
    0x080014f4   0x00000028   Code   RO          692    i.SysTick_CLKSourceConfig  misc.o
    0x0800151c   0x00000002   Code   RO          149    i.SysTick_Handler   stm32f10x_it.o
    0x0800151e   0x00000002   PAD
    0x08001520   0x00000060   Code   RO          208    i.SystemInit        system_stm32f10x.o
    0x08001580   0x00000080   Code   RO         2873    i.TI1_Config        stm32f10x_tim.o
    0x08001600   0x00000098   Code   RO         2874    i.TI2_Config        stm32f10x_tim.o
    0x08001698   0x00000090   Code   RO         2875    i.TI3_Config        stm32f10x_tim.o
    0x08001728   0x00000098   Code   RO         2876    i.TI4_Config        stm32f10x_tim.o
    0x080017c0   0x00000064   Code   RO          380    i.TIM1_Int_Init     timer.o
    0x08001824   0x00000080   Code   RO          381    i.TIM1_UP_IRQHandler  timer.o
    0x080018a4   0x00000090   Code   RO          407    i.TIM2_PWM_Init     servor.o
    0x08001934   0x00000024   Code   RO          335    i.TIM3_IRQHandler   encoder.o
    0x08001958   0x00000006   Code   RO         2883    i.TIM_ClearFlag     stm32f10x_tim.o
    0x0800195e   0x00000006   Code   RO         2884    i.TIM_ClearITPendingBit  stm32f10x_tim.o
    0x08001964   0x00000018   Code   RO         2889    i.TIM_Cmd           stm32f10x_tim.o
    0x0800197c   0x00000042   Code   RO         2898    i.TIM_EncoderInterfaceConfig  stm32f10x_tim.o
    0x080019be   0x00000022   Code   RO         2910    i.TIM_GetITStatus   stm32f10x_tim.o
    0x080019e0   0x000000ac   Code   RO         2912    i.TIM_ICInit        stm32f10x_tim.o
    0x08001a8c   0x00000012   Code   RO         2913    i.TIM_ICStructInit  stm32f10x_tim.o
    0x08001a9e   0x00000012   Code   RO         2914    i.TIM_ITConfig      stm32f10x_tim.o
    0x08001ab0   0x00000098   Code   RO         2918    i.TIM_OC1Init       stm32f10x_tim.o
    0x08001b48   0x00000012   Code   RO         2921    i.TIM_OC1PreloadConfig  stm32f10x_tim.o
    0x08001b5a   0x00000002   PAD
    0x08001b5c   0x000000a4   Code   RO         2923    i.TIM_OC2Init       stm32f10x_tim.o
    0x08001c00   0x0000001a   Code   RO         2926    i.TIM_OC2PreloadConfig  stm32f10x_tim.o
    0x08001c1a   0x00000002   PAD
    0x08001c1c   0x000000a0   Code   RO         2928    i.TIM_OC3Init       stm32f10x_tim.o
    0x08001cbc   0x00000012   Code   RO         2931    i.TIM_OC3PreloadConfig  stm32f10x_tim.o
    0x08001cce   0x00000002   PAD
    0x08001cd0   0x0000007c   Code   RO         2933    i.TIM_OC4Init       stm32f10x_tim.o
    0x08001d4c   0x0000001a   Code   RO         2935    i.TIM_OC4PreloadConfig  stm32f10x_tim.o
    0x08001d66   0x00000004   Code   RO         2950    i.TIM_SetCompare1   stm32f10x_tim.o
    0x08001d6a   0x00000004   Code   RO         2951    i.TIM_SetCompare2   stm32f10x_tim.o
    0x08001d6e   0x00000004   Code   RO         2952    i.TIM_SetCompare3   stm32f10x_tim.o
    0x08001d72   0x00000006   Code   RO         2953    i.TIM_SetCompare4   stm32f10x_tim.o
    0x08001d78   0x00000004   Code   RO         2954    i.TIM_SetCounter    stm32f10x_tim.o
    0x08001d7c   0x00000012   Code   RO         2955    i.TIM_SetIC1Prescaler  stm32f10x_tim.o
    0x08001d8e   0x0000001a   Code   RO         2956    i.TIM_SetIC2Prescaler  stm32f10x_tim.o
    0x08001da8   0x00000012   Code   RO         2957    i.TIM_SetIC3Prescaler  stm32f10x_tim.o
    0x08001dba   0x0000001a   Code   RO         2958    i.TIM_SetIC4Prescaler  stm32f10x_tim.o
    0x08001dd4   0x000000a4   Code   RO         2960    i.TIM_TimeBaseInit  stm32f10x_tim.o
    0x08001e78   0x00000012   Code   RO         2961    i.TIM_TimeBaseStructInit  stm32f10x_tim.o
    0x08001e8a   0x00000002   PAD
    0x08001e8c   0x00000088   Code   RO          630    i.USART1_IRQHandler  usart.o
    0x08001f14   0x00000018   Code   RO         3425    i.USART_Cmd         stm32f10x_usart.o
    0x08001f2c   0x0000001a   Code   RO         3428    i.USART_GetFlagStatus  stm32f10x_usart.o
    0x08001f46   0x00000054   Code   RO         3429    i.USART_GetITStatus  stm32f10x_usart.o
    0x08001f9a   0x0000004a   Code   RO         3431    i.USART_ITConfig    stm32f10x_usart.o
    0x08001fe4   0x000000d8   Code   RO         3432    i.USART_Init        stm32f10x_usart.o
    0x080020bc   0x0000000a   Code   RO         3439    i.USART_ReceiveData  stm32f10x_usart.o
    0x080020c6   0x00000004   Code   RO          150    i.UsageFault_Handler  stm32f10x_it.o
    0x080020ca   0x00000006   Code   RO          631    i._sys_exit         usart.o
    0x080020d0   0x000000b4   Code   RO          429    i.date_change       adc.o
    0x08002184   0x00000044   Code   RO          575    i.delay_init        delay.o
    0x080021c8   0x0000004c   Code   RO          576    i.delay_ms          delay.o
    0x08002214   0x000001a4   Code   RO          430    i.distance          adc.o
    0x080023b8   0x00000040   Code   RO          431    i.filter            adc.o
    0x080023f8   0x0000001c   Code   RO          632    i.fputc             usart.o
    0x08002414   0x00000090   Code   RO            1    i.main              main.o
    0x080024a4   0x000000a0   Code   RO          633    i.uart_init         usart.o
    0x08002544   0x00000150   Code   RO         3667    x$fpl$dadd          fz_ws.l(daddsub_clz.o)
    0x08002694   0x000002b0   Code   RO         3674    x$fpl$ddiv          fz_ws.l(ddiv.o)
    0x08002944   0x0000005e   Code   RO         3677    x$fpl$dfix          fz_ws.l(dfix.o)
    0x080029a2   0x00000026   Code   RO         3681    x$fpl$dfltu         fz_ws.l(dflt_clz.o)
    0x080029c8   0x0000009c   Code   RO         3710    x$fpl$dnaninf       fz_ws.l(dnaninf.o)
    0x08002a64   0x0000000c   Code   RO         3712    x$fpl$dretinf       fz_ws.l(dretinf.o)
    0x08002a70   0x000001d4   Code   RO         3669    x$fpl$dsub          fz_ws.l(daddsub_clz.o)
    0x08002c44   0x00000000   Code   RO         3718    x$fpl$usenofp       fz_ws.l(usenofp.o)
    0x08002c44   0x0000000a   Data   RO          492    .constdata          24l01.o
    0x08002c4e   0x00000002   PAD
    0x08002c50   0x00000020   Data   RO         3874    Region$$Table       anon$$obj.o


    Execution Region ER_RW (Base: 0x20000000, Size: 0x00000070, Max: 0xffffffff, ABSOLUTE)

    Base Addr    Size         Type   Attr      Idx    E Section Name        Object

    0x20000000   0x00000014   Data   RW          209    .data               system_stm32f10x.o
    0x20000014   0x00000008   Data   RW          336    .data               encoder.o
    0x2000001c   0x0000002c   Data   RW          383    .data               timer.o
    0x20000048   0x00000008   Data   RW          434    .data               adc.o
    0x20000050   0x00000004   Data   RW          578    .data               delay.o
    0x20000054   0x00000006   Data   RW          635    .data               usart.o
    0x2000005a   0x00000014   Data   RW         2285    .data               stm32f10x_rcc.o


    Execution Region ER_ZI (Base: 0x20000070, Size: 0x00000908, Max: 0xffffffff, ABSOLUTE)

    Base Addr    Size         Type   Attr      Idx    E Section Name        Object

    0x20000070   0x00000050   Zero   RW          382    .bss                timer.o
    0x200000c0   0x00000190   Zero   RW          433    .bss                adc.o
    0x20000250   0x000000c8   Zero   RW          634    .bss                usart.o
    0x20000318   0x00000060   Zero   RW         3753    .bss                c_w.l(libspace.o)
    0x20000378   0x00000200   Zero   RW          682    HEAP                startup_stm32f10x_hd.o
    0x20000578   0x00000400   Zero   RW          681    STACK               startup_stm32f10x_hd.o


==============================================================================

Image component sizes


      Code (inc. data)   RO Data    RW Data    ZI Data      Debug   Object Name

       720         84         10          0          0       5742   24l01.o
      1102         90          0          8        400       4341   adc.o
       144         22          0          4          0       1200   delay.o
       624         54          0          8          0       3762   encoder.o
        52          6          0          0          0     216515   led.o
       144         38          0          0          0      65295   main.o
       172         22          0          0          0       2073   misc.o
       216         10          0          0          0       1214   motor.o
       144          8          0          0          0        732   servor.o
       272         18          0          0          0       1777   spi.o
        64         26        304          0       1536        800   startup_stm32f10x_hd.o
       390         10          0          0          0       7385   stm32f10x_adc.o
       416          8          0          0          0       3430   stm32f10x_dma.o
       148          6          0          0          0        984   stm32f10x_exti.o
       494         10          0          0          0       4492   stm32f10x_gpio.o
        26          0          0          0          0       3738   stm32f10x_it.o
       332         44          0         20          0       5561   stm32f10x_rcc.o
       112          0          0          0          0       3830   stm32f10x_spi.o
      1900        200          0          0          0      19757   stm32f10x_tim.o
       434          6          0          0          0       5596   stm32f10x_usart.o
         0          0          0          0          0         32   sys.o
       328         28          0         20          0       2105   system_stm32f10x.o
       228         32          0         44         80       2690   timer.o
       330         26          0          6        200       4144   usart.o

    ----------------------------------------------------------------------
      8816        748        348        112       2216     367195   Object Totals
         0          0         32          0          0          0   (incl. Generated)
        24          0          2          2          0          0   (incl. Padding)

    ----------------------------------------------------------------------

      Code (inc. data)   RO Data    RW Data    ZI Data      Debug   Library Member Name

         8          0          0          0          0         68   __main.o
        40          0          0          0          0         84   __printf_nopercent.o
         0          0          0          0          0          0   __rtentry.o
        12          0          0          0          0          0   __rtentry2.o
         6          0          0          0          0          0   __rtentry4.o
        52          8          0          0          0          0   __scatter.o
        26          0          0          0          0          0   __scatter_copy.o
        28          0          0          0          0          0   __scatter_zi.o
        48          6          0          0          0         96   _printf_char_common.o
        36          4          0          0          0         80   _printf_char_file.o
        12          0          0          0          0         72   exit.o
         8          0          0          0          0         68   ferror.o
         6          0          0          0          0        152   heapauxi.o
         2          0          0          0          0          0   libinit.o
         2          0          0          0          0          0   libinit2.o
         2          0          0          0          0          0   libshutdown.o
         2          0          0          0          0          0   libshutdown2.o
         8          4          0          0         96         68   libspace.o
        24          4          0          0          0         84   noretval__2printf.o
         2          0          0          0          0          0   rtexit.o
        10          0          0          0          0          0   rtexit2.o
        74          0          0          0          0         80   sys_stackheap_outer.o
         2          0          0          0          0         68   use_no_semi.o
         2          0          0          0          0         68   use_no_semi_2.o
       804         16          0          0          0        272   daddsub_clz.o
       688        140          0          0          0        208   ddiv.o
        94          4          0          0          0         92   dfix.o
        38          0          0          0          0         68   dflt_clz.o
       156          4          0          0          0         92   dnaninf.o
        12          0          0          0          0         68   dretinf.o
         0          0          0          0          0          0   usenofp.o

    ----------------------------------------------------------------------
      2212        190          0          0         96       1788   Library Totals
         8          0          0          0          0          0   (incl. Padding)

    ----------------------------------------------------------------------

      Code (inc. data)   RO Data    RW Data    ZI Data      Debug   Library Name

       412         26          0          0         96        988   c_w.l
      1792        164          0          0          0        800   fz_ws.l

    ----------------------------------------------------------------------
      2212        190          0          0         96       1788   Library Totals

    ----------------------------------------------------------------------

==============================================================================


      Code (inc. data)   RO Data    RW Data    ZI Data      Debug   

     11028        938        348        112       2312     362375   Grand Totals
     11028        938        348        112       2312     362375   ELF Image Totals
     11028        938        348        112          0          0   ROM Totals

==============================================================================

    Total RO  Size (Code + RO Data)                11376 (  11.11kB)
    Total RW  Size (RW Data + ZI Data)              2424 (   2.37kB)
    Total ROM Size (Code + RO Data + RW Data)      11488 (  11.22kB)

==============================================================================

